Component: ARM Compiler 5.06 update 1 (build 61) Tool: armlink [4d35a8]

==============================================================================

Section Cross References

    test_can1.o(i.CANthreadR) refers to rt_cmsis.o(i.osSignalWait) for osSignalWait
    test_can1.o(i.CANthreadR) refers to led_746g_discovery.o(i.LED_On) for LED_On
    test_can1.o(i.CANthreadR) refers to can_stm32f7xx.o(.constdata) for Driver_CAN1
    test_can1.o(i.CANthreadT) refers to rt_cmsis.o(i.osSignalWait) for osSignalWait
    test_can1.o(i.CANthreadT) refers to rt_cmsis.o(i.osDelay) for osDelay
    test_can1.o(i.CANthreadT) refers to led_746g_discovery.o(i.LED_On) for LED_On
    test_can1.o(i.CANthreadT) refers to can_stm32f7xx.o(.constdata) for Driver_CAN1
    test_can1.o(i.HAL_GetTick) refers to rt_time.o(.data) for os_time
    test_can1.o(i.InitCan1) refers to can_stm32f7xx.o(.constdata) for Driver_CAN1
    test_can1.o(i.InitCan1) refers to test_can1.o(i.myCAN1_callback) for myCAN1_callback
    test_can1.o(i.MPU_Config) refers to stm32f7xx_hal_cortex.o(i.HAL_MPU_Disable) for HAL_MPU_Disable
    test_can1.o(i.MPU_Config) refers to stm32f7xx_hal_cortex.o(i.HAL_MPU_ConfigRegion) for HAL_MPU_ConfigRegion
    test_can1.o(i.MPU_Config) refers to stm32f7xx_hal_cortex.o(i.HAL_MPU_Enable) for HAL_MPU_Enable
    test_can1.o(i.SystemClock_Config) refers to stm32f7xx_hal_rcc.o(i.HAL_RCC_OscConfig) for HAL_RCC_OscConfig
    test_can1.o(i.SystemClock_Config) refers to stm32f7xx_hal_pwr_ex.o(i.HAL_PWREx_EnableOverDrive) for HAL_PWREx_EnableOverDrive
    test_can1.o(i.SystemClock_Config) refers to stm32f7xx_hal_rcc.o(i.HAL_RCC_ClockConfig) for HAL_RCC_ClockConfig
    test_can1.o(i.main) refers to test_can1.o(i.MPU_Config) for MPU_Config
    test_can1.o(i.main) refers to test_can1.o(i.CPU_CACHE_Enable) for CPU_CACHE_Enable
    test_can1.o(i.main) refers to rt_cmsis.o(i.osKernelInitialize) for osKernelInitialize
    test_can1.o(i.main) refers to stm32f7xx_hal.o(i.HAL_Init) for HAL_Init
    test_can1.o(i.main) refers to test_can1.o(i.SystemClock_Config) for SystemClock_Config
    test_can1.o(i.main) refers to test_can1.o(i.InitCan1) for InitCan1
    test_can1.o(i.main) refers to led_746g_discovery.o(i.LED_Initialize) for LED_Initialize
    test_can1.o(i.main) refers to rt_cmsis.o(i.osThreadCreate) for osThreadCreate
    test_can1.o(i.main) refers to rt_cmsis.o(i.osKernelStart) for osKernelStart
    test_can1.o(i.main) refers to rt_cmsis.o(i.osDelay) for osDelay
    test_can1.o(i.main) refers to test_can1.o(.constdata) for os_thread_def_CANthreadT
    test_can1.o(i.main) refers to test_can1.o(.data) for id_CANthreadT
    test_can1.o(i.myCAN1_callback) refers to rt_cmsis.o(i.osSignalSet) for osSignalSet
    test_can1.o(i.myCAN1_callback) refers to test_can1.o(.data) for id_CANthreadR
    test_can1.o(.constdata) refers to test_can1.o(i.CANthreadR) for CANthreadR
    test_can1.o(.constdata) refers to test_can1.o(i.CANthreadT) for CANthreadT
    led_746g_discovery.o(i.LED_Initialize) refers to stm32f7xx_hal_gpio.o(i.HAL_GPIO_Init) for HAL_GPIO_Init
    led_746g_discovery.o(i.LED_Off) refers to stm32f7xx_hal_gpio.o(i.HAL_GPIO_WritePin) for HAL_GPIO_WritePin
    led_746g_discovery.o(i.LED_Off) refers to led_746g_discovery.o(.constdata) for LED_PIN
    led_746g_discovery.o(i.LED_On) refers to stm32f7xx_hal_gpio.o(i.HAL_GPIO_WritePin) for HAL_GPIO_WritePin
    led_746g_discovery.o(i.LED_On) refers to led_746g_discovery.o(.constdata) for LED_PIN
    led_746g_discovery.o(i.LED_SetOut) refers to led_746g_discovery.o(i.LED_On) for LED_On
    led_746g_discovery.o(i.LED_SetOut) refers to led_746g_discovery.o(i.LED_Off) for LED_Off
    led_746g_discovery.o(i.LED_Uninitialize) refers to stm32f7xx_hal_gpio.o(i.HAL_GPIO_DeInit) for HAL_GPIO_DeInit
    rtx_conf_cm.o(.emb_text) refers to rt_cmsis.o(i.osKernelInitialize) for osKernelInitialize
    rtx_conf_cm.o(.emb_text) refers to rt_cmsis.o(i.osThreadCreate) for osThreadCreate
    rtx_conf_cm.o(.emb_text) refers to rt_cmsis.o(i.osKernelStart) for osKernelStart
    rtx_conf_cm.o(.emb_text) refers to exit.o(.text) for exit
    rtx_conf_cm.o(.emb_text) refers to rtx_conf_cm.o(.constdata) for os_thread_def_main
    rtx_conf_cm.o(i.__user_perthread_libspace) refers to rt_task.o(i.rt_tsk_self) for rt_tsk_self
    rtx_conf_cm.o(i.__user_perthread_libspace) refers to rt_cmsis.o(.data) for os_running
    rtx_conf_cm.o(i.__user_perthread_libspace) refers to rtx_conf_cm.o(.bss) for .bss
    rtx_conf_cm.o(i.__user_perthread_libspace) refers to libspace.o(.bss) for __libspace_start
    rtx_conf_cm.o(i._mutex_acquire) refers to rt_cmsis.o(.data) for os_running
    rtx_conf_cm.o(i._mutex_acquire) refers to rt_mutex.o(i.rt_mut_wait) for rt_mut_wait
    rtx_conf_cm.o(i._mutex_initialize) refers to rt_mutex.o(i.rt_mut_init) for rt_mut_init
    rtx_conf_cm.o(i._mutex_initialize) refers to rtx_conf_cm.o(.data) for .data
    rtx_conf_cm.o(i._mutex_initialize) refers to rtx_conf_cm.o(.bss) for .bss
[...]
    i.CAN1_RX1_IRQHandler                    0x08000770   Section        0  can_stm32f7xx.o(i.CAN1_RX1_IRQHandler)
    i.CAN1_SCE_IRQHandler                    0x0800085c   Section        0  can_stm32f7xx.o(i.CAN1_SCE_IRQHandler)
    i.CAN1_SetBitrate                        0x080008f0   Section        0  can_stm32f7xx.o(i.CAN1_SetBitrate)
    CAN1_SetBitrate                          0x080008f1   Thumb Code    22  can_stm32f7xx.o(i.CAN1_SetBitrate)
    i.CAN1_SetMode                           0x08000906   Section        0  can_stm32f7xx.o(i.CAN1_SetMode)
    CAN1_SetMode                             0x08000907   Thumb Code    14  can_stm32f7xx.o(i.CAN1_SetMode)
    i.CAN1_TX_IRQHandler                     0x08000914   Section        0  can_stm32f7xx.o(i.CAN1_TX_IRQHandler)
    i.CAN1_Uninitialize                      0x08000a2c   Section        0  can_stm32f7xx.o(i.CAN1_Uninitialize)
    CAN1_Uninitialize                        0x08000a2d   Thumb Code    10  can_stm32f7xx.o(i.CAN1_Uninitialize)
    i.CAN_GetCapabilities                    0x08000a38   Section        0  can_stm32f7xx.o(i.CAN_GetCapabilities)
    CAN_GetCapabilities                      0x08000a39   Thumb Code     6  can_stm32f7xx.o(i.CAN_GetCapabilities)
    i.CAN_GetClock                           0x08000a44   Section        0  can_stm32f7xx.o(i.CAN_GetClock)
    i.CAN_GetVersion                         0x08000a4c   Section        0  can_stm32f7xx.o(i.CAN_GetVersion)
    CAN_GetVersion                           0x08000a4d   Thumb Code    10  can_stm32f7xx.o(i.CAN_GetVersion)
    i.CANthreadR                             0x08000a5c   Section        0  test_can1.o(i.CANthreadR)
    i.CANthreadT                             0x08000aa8   Section        0  test_can1.o(i.CANthreadT)
    i.CANx_AddFilter                         0x08000b48   Section        0  can_stm32f7xx.o(i.CANx_AddFilter)
    CANx_AddFilter                           0x08000b49   Thumb Code   818  can_stm32f7xx.o(i.CANx_AddFilter)
    i.CANx_Control                           0x08000e80   Section        0  can_stm32f7xx.o(i.CANx_Control)
    CANx_Control                             0x08000e81   Thumb Code   166  can_stm32f7xx.o(i.CANx_Control)
    i.CANx_GetStatus                         0x08000f30   Section        0  can_stm32f7xx.o(i.CANx_GetStatus)
    CANx_GetStatus                           0x08000f31   Thumb Code   292  can_stm32f7xx.o(i.CANx_GetStatus)
    i.CANx_Initialize                        0x08001058   Section        0  can_stm32f7xx.o(i.CANx_Initialize)
    CANx_Initialize                          0x08001059   Thumb Code   126  can_stm32f7xx.o(i.CANx_Initialize)
    i.CANx_MessageRead                       0x080010e8   Section        0  can_stm32f7xx.o(i.CANx_MessageRead)
    CANx_MessageRead                         0x080010e9   Thumb Code   274  can_stm32f7xx.o(i.CANx_MessageRead)
    i.CANx_MessageSend                       0x08001208   Section        0  can_stm32f7xx.o(i.CANx_MessageSend)
    CANx_MessageSend                         0x08001209   Thumb Code   310  can_stm32f7xx.o(i.CANx_MessageSend)
    i.CANx_ObjectConfigure                   0x0800134c   Section        0  can_stm32f7xx.o(i.CANx_ObjectConfigure)
    CANx_ObjectConfigure                     0x0800134d   Thumb Code   140  can_stm32f7xx.o(i.CANx_ObjectConfigure)
    i.CANx_ObjectGetCapabilities             0x080013e0   Section        0  can_stm32f7xx.o(i.CANx_ObjectGetCapabilities)
    i.CANx_ObjectSetFilter                   0x0800140c   Section        0  can_stm32f7xx.o(i.CANx_ObjectSetFilter)
    CANx_ObjectSetFilter                     0x0800140d   Thumb Code   188  can_stm32f7xx.o(i.CANx_ObjectSetFilter)
    i.CANx_PowerControl                      0x080014d0   Section        0  can_stm32f7xx.o(i.CANx_PowerControl)
    CANx_PowerControl                        0x080014d1   Thumb Code   518  can_stm32f7xx.o(i.CANx_PowerControl)
    i.CANx_RemoveFilter                      0x080016f8   Section        0  can_stm32f7xx.o(i.CANx_RemoveFilter)
    CANx_RemoveFilter                        0x080016f9   Thumb Code   792  can_stm32f7xx.o(i.CANx_RemoveFilter)
    i.CANx_SetBitrate                        0x08001a14   Section        0  can_stm32f7xx.o(i.CANx_SetBitrate)
    CANx_SetBitrate                          0x08001a15   Thumb Code   302  can_stm32f7xx.o(i.CANx_SetBitrate)
    i.CANx_SetMode                           0x08001b4c   Section        0  can_stm32f7xx.o(i.CANx_SetMode)
    CANx_SetMode                             0x08001b4d   Thumb Code   364  can_stm32f7xx.o(i.CANx_SetMode)
    i.CANx_Uninitialize                      0x08001cc0   Section        0  can_stm32f7xx.o(i.CANx_Uninitialize)
    CANx_Uninitialize                        0x08001cc1   Thumb Code    76  can_stm32f7xx.o(i.CANx_Uninitialize)
    i.CPU_CACHE_Enable                       0x08001d14   Section        0  test_can1.o(i.CPU_CACHE_Enable)
    CPU_CACHE_Enable                         0x08001d15   Thumb Code   294  test_can1.o(i.CPU_CACHE_Enable)
    i.Enable_GPIO_Clock                      0x08001e44   Section        0  can_stm32f7xx.o(i.Enable_GPIO_Clock)
    Enable_GPIO_Clock                        0x08001e45   Thumb Code   378  can_stm32f7xx.o(i.Enable_GPIO_Clock)
    i.HAL_GPIO_Init                          0x08001ff0   Section        0  stm32f7xx_hal_gpio.o(i.HAL_GPIO_Init)
    i.HAL_GPIO_WritePin                      0x08002208   Section        0  stm32f7xx_hal_gpio.o(i.HAL_GPIO_WritePin)
    i.HAL_GetTick                            0x08002214   Section        0  test_can1.o(i.HAL_GetTick)
    i.HAL_Init                               0x08002220   Section        0  stm32f7xx_hal.o(i.HAL_Init)
    i.HAL_InitTick                           0x08002248   Section        0  stm32f7xx_hal.o(i.HAL_InitTick)
    i.HAL_MPU_ConfigRegion                   0x08002270   Section        0  stm32f7xx_hal_cortex.o(i.HAL_MPU_ConfigRegion)
    i.HAL_MPU_Disable                        0x080022cc   Section        0  stm32f7xx_hal_cortex.o(i.HAL_MPU_Disable)
    i.HAL_MPU_Enable                         0x080022f8   Section        0  stm32f7xx_hal_cortex.o(i.HAL_MPU_Enable)
    i.HAL_MspInit                            0x08002338   Section        0  stm32f7xx_hal.o(i.HAL_MspInit)
    i.HAL_NVIC_SetPriority                   0x0800233a   Section        0  stm32f7xx_hal_cortex.o(i.HAL_NVIC_SetPriority)
    i.HAL_NVIC_SetPriorityGrouping           0x080023b8   Section        0  stm32f7xx_hal_cortex.o(i.HAL_NVIC_SetPriorityGrouping)
    i.HAL_PWREx_EnableOverDrive              0x080023e0   Section        0  stm32f7xx_hal_pwr_ex.o(i.HAL_PWREx_EnableOverDrive)
    i.HAL_RCC_ClockConfig                    0x08002470   Section        0  stm32f7xx_hal_rcc.o(i.HAL_RCC_ClockConfig)
    i.HAL_RCC_GetHCLKFreq                    0x08002624   Section        0  stm32f7xx_hal_rcc.o(i.HAL_RCC_GetHCLKFreq)
    i.HAL_RCC_GetPCLK1Freq                   0x08002630   Section        0  stm32f7xx_hal_rcc.o(i.HAL_RCC_GetPCLK1Freq)
    i.HAL_RCC_GetSysClockFreq                0x0800265c   Section        0  stm32f7xx_hal_rcc.o(i.HAL_RCC_GetSysClockFreq)
    i.HAL_RCC_OscConfig                      0x08002710   Section        0  stm32f7xx_hal_rcc.o(i.HAL_RCC_OscConfig)
    i.HAL_SYSTICK_Config                     0x08002bf8   Section        0  stm32f7xx_hal_cortex.o(i.HAL_SYSTICK_Config)
    i.InitCan1                               0x08002c2c   Section        0  test_can1.o(i.InitCan1)
    i.LED_Initialize                         0x08002ca4   Section        0  led_746g_discovery.o(i.LED_Initialize)
    i.LED_On                                 0x08002cec   Section        0  led_746g_discovery.o(i.LED_On)
    i.MPU_Config                             0x08002d0c   Section        0  test_can1.o(i.MPU_Config)
    MPU_Config                               0x08002d0d   Thumb Code    76  test_can1.o(i.MPU_Config)
    i.SystemClock_Config                     0x08002d5c   Section        0  test_can1.o(i.SystemClock_Config)
    SystemClock_Config                       0x08002d5d   Thumb Code    88  test_can1.o(i.SystemClock_Config)
    i.SystemInit                             0x08002db4   Section        0  system_stm32f7xx.o(i.SystemInit)
    i.__NVIC_ClearPendingIRQ                 0x08002e18   Section        0  can_stm32f7xx.o(i.__NVIC_ClearPendingIRQ)
    __NVIC_ClearPendingIRQ                   0x08002e19   Thumb Code    22  can_stm32f7xx.o(i.__NVIC_ClearPendingIRQ)
    i.__NVIC_DisableIRQ                      0x08002e34   Section        0  can_stm32f7xx.o(i.__NVIC_DisableIRQ)
    __NVIC_DisableIRQ                        0x08002e35   Thumb Code    54  can_stm32f7xx.o(i.__NVIC_DisableIRQ)
    i.__NVIC_EnableIRQ                       0x08002e70   Section        0  can_stm32f7xx.o(i.__NVIC_EnableIRQ)
    __NVIC_EnableIRQ                         0x08002e71   Thumb Code    34  can_stm32f7xx.o(i.__NVIC_EnableIRQ)
    i.__NVIC_GetPriorityGrouping             0x08002e94   Section        0  stm32f7xx_hal_cortex.o(i.__NVIC_GetPriorityGrouping)
    __NVIC_GetPriorityGrouping               0x08002e95   Thumb Code    10  stm32f7xx_hal_cortex.o(i.__NVIC_GetPriorityGrouping)
    i.__NVIC_SetPriority                     0x08002ea4   Section        0  stm32f7xx_hal_cortex.o(i.__NVIC_SetPriority)
    __NVIC_SetPriority                       0x08002ea5   Thumb Code    32  stm32f7xx_hal_cortex.o(i.__NVIC_SetPriority)
    i._init_box                              0x08002ecc   Section        0  rt_membox.o(i._init_box)
    i._mutex_acquire                         0x08002f14   Section        0  rtx_conf_cm.o(i._mutex_acquire)
    __tagsym$$used                           0x08002f15   Number         0  rtx_conf_cm.o(i._mutex_acquire)
    i._mutex_release                         0x08002f34   Section        0  rtx_conf_cm.o(i._mutex_release)
    __tagsym$$used                           0x08002f35   Number         0  rtx_conf_cm.o(i._mutex_release)
    i.dbg_init                               0x08002f50   Section        0  hal_cm.o(i.dbg_init)
    i.dbg_task_notify                        0x08002f80   Section        0  hal_cm.o(i.dbg_task_notify)
    i.dbg_task_switch                        0x08002fa0   Section        0  hal_cm.o(i.dbg_task_switch)
    i.isrMessageGet                          0x08002fb0   Section        0  rt_cmsis.o(i.isrMessageGet)
    i.isrMessagePut                          0x08002fda   Section        0  rt_cmsis.o(i.isrMessagePut)
    i.isrSignalSet                           0x08003006   Section        0  rt_cmsis.o(i.isrSignalSet)
    i.isr_evt_set                            0x0800302c   Section        0  rt_event.o(i.isr_evt_set)
    i.isr_mbx_receive                        0x08003054   Section        0  rt_mailbox.o(i.isr_mbx_receive)
    i.isr_mbx_send                           0x080030aa   Section        0  rt_mailbox.o(i.isr_mbx_send)
    i.main                                   0x080030b8   Section        0  test_can1.o(i.main)
    i.myCAN1_callback                        0x080030fc   Section        0  test_can1.o(i.myCAN1_callback)
    i.osDelay                                0x08003130   Section        0  rt_cmsis.o(i.osDelay)
    i.osKernelInitialize                     0x08003148   Section        0  rt_cmsis.o(i.osKernelInitialize)
    i.osKernelStart                          0x0800316c   Section        0  rt_cmsis.o(i.osKernelStart)
    i.osMessageGet                           0x080031d8   Section        0  rt_cmsis.o(i.osMessageGet)
    i.osSignalSet                            0x080031f0   Section        0  rt_cmsis.o(i.osSignalSet)
    i.osSignalWait                           0x08003208   Section        0  rt_cmsis.o(i.osSignalWait)
    i.osThreadCreate                         0x08003220   Section        0  rt_cmsis.o(i.osThreadCreate)
    i.osThreadExit                           0x0800324c   Section        0  rt_cmsis.o(i.osThreadExit)
    i.osTimerCall                            0x08003264   Section        0  rt_cmsis.o(i.osTimerCall)
    i.osTimerThread                          0x08003270   Section        0  rt_cmsis.o(i.osTimerThread)
    i.os_error                               0x0800329c   Section        0  rtx_conf_cm.o(i.os_error)
    i.os_idle_demon                          0x080032bc   Section        0  rtx_conf_cm.o(i.os_idle_demon)
    i.os_tick_init                           0x080032c0   Section        0  rt_system.o(i.os_tick_init)
    i.os_tick_irqack                         0x080032e8   Section        0  rt_system.o(i.os_tick_irqack)
    i.rt_alloc_box                           0x080032ea   Section        0  rt_membox.o(i.rt_alloc_box)
    i.rt_alloc_mem                           0x08003304   Section        0  rt_memory.o(i.rt_alloc_mem)
    i.rt_block                               0x08003344   Section        0  rt_task.o(i.rt_block)
    i.rt_chk_robin                           0x0800337c   Section        0  rt_robin.o(i.rt_chk_robin)
    i.rt_dec_dly                             0x080033c4   Section        0  rt_list.o(i.rt_dec_dly)
    i.rt_dispatch                            0x08003434   Section        0  rt_task.o(i.rt_dispatch)
    i.rt_dly_wait                            0x08003478   Section        0  rt_time.o(i.rt_dly_wait)
    i.rt_evt_psh                             0x08003480   Section        0  rt_event.o(i.rt_evt_psh)
    i.rt_evt_set                             0x080034d0   Section        0  rt_event.o(i.rt_evt_set)
    i.rt_evt_wait                            0x0800352c   Section        0  rt_event.o(i.rt_evt_wait)
    i.rt_free_box                            0x08003568   Section        0  rt_membox.o(i.rt_free_box)
    i.rt_free_mem                            0x08003594   Section        0  rt_memory.o(i.rt_free_mem)
    i.rt_get_first                           0x080035bc   Section        0  rt_list.o(i.rt_get_first)
    i.rt_id2obj                              0x080035e4   Section        0  rt_cmsis.o(i.rt_id2obj)
    rt_id2obj                                0x080035e5   Thumb Code     8  rt_cmsis.o(i.rt_id2obj)
    i.rt_init_context                        0x080035ec   Section        0  rt_task.o(i.rt_init_context)
    rt_init_context                          0x080035ed   Thumb Code    66  rt_task.o(i.rt_init_context)
    i.rt_init_mem                            0x08003634   Section        0  rt_memory.o(i.rt_init_mem)
    i.rt_init_robin                          0x08003650   Section        0  rt_robin.o(i.rt_init_robin)
    i.rt_init_stack                          0x08003668   Section        0  hal_cm.o(i.rt_init_stack)
    i.rt_mbx_check                           0x080036e8   Section        0  rt_mailbox.o(i.rt_mbx_check)
    i.rt_mbx_init                            0x080036f0   Section        0  rt_mailbox.o(i.rt_mbx_init)
    i.rt_mbx_psh                             0x0800370c   Section        0  rt_mailbox.o(i.rt_mbx_psh)
    i.rt_mbx_wait                            0x080037fc   Section        0  rt_mailbox.o(i.rt_mbx_wait)
    i.rt_ms2tick                             0x080038b0   Section        0  rt_cmsis.o(i.rt_ms2tick)
    rt_ms2tick                               0x080038b1   Thumb Code    58  rt_cmsis.o(i.rt_ms2tick)
    i.rt_mut_release                         0x080038f4   Section        0  rt_mutex.o(i.rt_mut_release)
    i.rt_mut_wait                            0x080039cc   Section        0  rt_mutex.o(i.rt_mut_wait)
    i.rt_pop_req                             0x08003a44   Section        0  rt_system.o(i.rt_pop_req)
    i.rt_psh_req                             0x08003ac0   Section        0  rt_system.o(i.rt_psh_req)
    i.rt_psq_enq                             0x08003ae0   Section        0  rt_list.o(i.rt_psq_enq)
    i.rt_put_dly                             0x08003b3c   Section        0  rt_list.o(i.rt_put_dly)
    i.rt_put_prio                            0x08003b84   Section        0  rt_list.o(i.rt_put_prio)
    i.rt_put_rdy_first                       0x08003bbc   Section        0  rt_list.o(i.rt_put_rdy_first)
    i.rt_resort_prio                         0x08003bd0   Section        0  rt_list.o(i.rt_resort_prio)
    i.rt_ret_regs                            0x08003c04   Section        0  hal_cm.o(i.rt_ret_regs)
    rt_ret_regs                              0x08003c05   Thumb Code    16  hal_cm.o(i.rt_ret_regs)
    i.rt_ret_val                             0x08003c14   Section        0  hal_cm.o(i.rt_ret_val)
    i.rt_ret_val2                            0x08003c20   Section        0  hal_cm.o(i.rt_ret_val2)
    i.rt_rmv_dly                             0x08003c30   Section        0  rt_list.o(i.rt_rmv_dly)
    i.rt_rmv_list                            0x08003c58   Section        0  rt_list.o(i.rt_rmv_list)
    i.rt_sem_psh                             0x08003c88   Section        0  rt_semaphore.o(i.rt_sem_psh)
    i.rt_stk_check                           0x08003cbc   Section        0  rt_system.o(i.rt_stk_check)
    i.rt_switch_req                          0x08003ce0   Section        0  rt_task.o(i.rt_switch_req)
    i.rt_sys_init                            0x08003d08   Section        0  rt_task.o(i.rt_sys_init)
    i.rt_sys_start                           0x08003dd4   Section        0  rt_task.o(i.rt_sys_start)
    i.rt_systick                             0x08003e4c   Section        0  rt_system.o(i.rt_systick)
    i.rt_tid2ptcb                            0x08003e8c   Section        0  rt_cmsis.o(i.rt_tid2ptcb)
    rt_tid2ptcb                              0x08003e8d   Thumb Code    18  rt_cmsis.o(i.rt_tid2ptcb)
    i.rt_timer_insert                        0x08003ea0   Section        0  rt_cmsis.o(i.rt_timer_insert)
    rt_timer_insert                          0x08003ea1   Thumb Code    48  rt_cmsis.o(i.rt_timer_insert)
    i.rt_tsk_create                          0x08003ed4   Section        0  rt_task.o(i.rt_tsk_create)
    i.rt_tsk_delete                          0x08003f5c   Section        0  rt_task.o(i.rt_tsk_delete)
    i.rt_tsk_prio                            0x080040d8   Section        0  rt_task.o(i.rt_tsk_prio)
    i.rt_tsk_self                            0x08004154   Section        0  rt_task.o(i.rt_tsk_self)
    i.svcDelay                               0x08004164   Section        0  rt_cmsis.o(i.svcDelay)
    i.svcKernelInitialize                    0x08004178   Section        0  rt_cmsis.o(i.svcKernelInitialize)
    i.svcKernelStart                         0x080041e8   Section        0  rt_cmsis.o(i.svcKernelStart)
    i.svcMessageCreate                       0x08004230   Section        0  rt_cmsis.o(i.svcMessageCreate)
    i.svcMessageGet                          0x08004254   Section        0  rt_cmsis.o(i.svcMessageGet)
    i.svcSignalSet                           0x0800428e   Section        0  rt_cmsis.o(i.svcSignalSet)
    i.svcSignalWait                          0x080042b4   Section        0  rt_cmsis.o(i.svcSignalWait)
    i.svcThreadCreate                        0x08004308   Section        0  rt_cmsis.o(i.svcThreadCreate)
    i.svcThreadGetId                         0x08004374   Section        0  rt_cmsis.o(i.svcThreadGetId)
    i.svcThreadTerminate                     0x08004390   Section        0  rt_cmsis.o(i.svcThreadTerminate)
    i.svcTimerCall                           0x080043c8   Section        0  rt_cmsis.o(i.svcTimerCall)
    i.sysTimerTick                           0x080043e0   Section        0  rt_cmsis.o(i.sysTimerTick)
    x$fpl$fpinit                             0x0800443c   Section       10  fpinit.o(x$fpl$fpinit)
    $v0                                      0x0800443c   Number         0  fpinit.o(x$fpl$fpinit)
    .constdata                               0x08004448   Section       32  test_can1.o(.constdata)
    .constdata                               0x08004468   Section        8  led_746g_discovery.o(.constdata)
    LED_PIN                                  0x08004468   Data           8  led_746g_discovery.o(.constdata)
    .constdata                               0x08004470   Section      104  rtx_conf_cm.o(.constdata)
    __tagsym$$used                           0x0800448c   Number         0  rtx_conf_cm.o(.constdata)
    __tagsym$$used                           0x08004490   Number         0  rtx_conf_cm.o(.constdata)
    __tagsym$$used                           0x08004494   Number         0  rtx_conf_cm.o(.constdata)
    __tagsym$$used                           0x08004498   Number         0  rtx_conf_cm.o(.constdata)
    .constdata                               0x080044d8   Section       88  can_stm32f7xx.o(.constdata)
    can_driver_version                       0x080044d8   Data           4  can_stm32f7xx.o(.constdata)
    can_driver_capabilities                  0x080044dc   Data           4  can_stm32f7xx.o(.constdata)
    can_object_capabilities_rx               0x080044e0   Data           4  can_stm32f7xx.o(.constdata)
    can_object_capabilities_tx               0x080044e4   Data           4  can_stm32f7xx.o(.constdata)
    ptr_CANx                                 0x080044e8   Data          12  can_stm32f7xx.o(.constdata)
    .constdata                               0x08004530   Section       24  system_stm32f7xx.o(.constdata)
    .data                                    0x20010000   Section        8  test_can1.o(.data)
    .data                                    0x20010008   Section       20  rtx_conf_cm.o(.data)
    nr_mutex                                 0x20010018   Data           4  rtx_conf_cm.o(.data)
    .data                                    0x2001001c   Section       16  can_stm32f7xx.o(.data)
    can_driver_powered                       0x2001001c   Data           1  can_stm32f7xx.o(.data)
    can_driver_initialized                   0x2001001d   Data           1  can_stm32f7xx.o(.data)
    can_obj_cfg                              0x2001001e   Data           5  can_stm32f7xx.o(.data)
    CAN_SignalUnitEvent                      0x20010024   Data           4  can_stm32f7xx.o(.data)
    CAN_SignalObjectEvent                    0x20010028   Data           4  can_stm32f7xx.o(.data)
    .data                                    0x2001002c   Section        4  system_stm32f7xx.o(.data)
    .data                                    0x20010030   Section        8  rt_cmsis.o(.data)
    .data                                    0x20010038   Section        8  rt_task.o(.data)
    .data                                    0x20010040   Section        4  rt_time.o(.data)
    .data                                    0x20010044   Section        8  rt_system.o(.data)
    os_lock                                  0x20010044   Data           1  rt_system.o(.data)
    os_psh_flag                              0x20010045   Data           1  rt_system.o(.data)
    pend_flags                               0x20010046   Data           1  rt_system.o(.data)
    .data                                    0x2001004c   Section        8  rt_robin.o(.data)
    .data                                    0x20010054   Section        1  hal_cm.o(.data)
    .bss                                     0x20010058   Section    10016  rtx_conf_cm.o(.bss)
    std_libspace                             0x20012458   Data         672  rtx_conf_cm.o(.bss)
    std_libmutex                             0x200126f8   Data         128  rtx_conf_cm.o(.bss)
    .bss                                     0x20012778   Section       52  rt_task.o(.bss)
    .bss                                     0x200127ac   Section       48  rt_list.o(.bss)
    .bss                                     0x200127dc   Section       96  libspace.o(.bss)
    HEAP                                     0x20012840   Section      512  startup_stm32f756xx.o(HEAP)
    Heap_Mem                                 0x20012840   Data         512  startup_stm32f756xx.o(HEAP)
    STACK                                    0x20012a40   Section     1024  startup_stm32f756xx.o(STACK)
    Stack_Mem                                0x20012a40   Data        1024  startup_stm32f756xx.o(STACK)
    __initial_sp                             0x20012e40   Data           0  startup_stm32f756xx.o(STACK)

    Global Symbols

    Symbol Name                              Value     Ov Type        Size  Object(Section)

    BuildAttributes$$THM_ISAv4$E$P$D$K$B$S$7EM$VFPi5$EXTD16$VFPS$VFMA$PE$PLD8$A:L22UL41UL21$X:L11$S22US41US21$IEEE1$IW$USESV6$~STKCKD$USESV7$~SHL$OSPACE$ROPI$EBA8$UX$STANDARDLIB$REQ8$PRES8$EABIv2 0x00000000   Number         0  anon$$obj.o ABSOLUTE
    __ARM_use_no_argv                        0x00000000   Number         0  test_can1.o ABSOLUTE
    __ARM_exceptions_init                     - Undefined Weak Reference
    __alloca_initialize                       - Undefined Weak Reference
    __arm_preinit_                            - Undefined Weak Reference
    __cpp_initialize__aeabi_                  - Undefined Weak Reference
    __cxa_finalize                            - Undefined Weak Reference
    __rt_locale                               - Undefined Weak Reference
    __sigvec_lookup                           - Undefined Weak Reference
    _atexit_init                              - Undefined Weak Reference
    _call_atexit_fns                          - Undefined Weak Reference
    _clock_init                               - Undefined Weak Reference
    _fp_trap_init                             - Undefined Weak Reference
    _fp_trap_shutdown                         - Undefined Weak Reference
    _get_lc_collate                           - Undefined Weak Reference
    _get_lc_ctype                             - Undefined Weak Reference
    _get_lc_monetary                          - Undefined Weak Reference
    _get_lc_numeric                           - Undefined Weak Reference
    _get_lc_time                              - Undefined Weak Reference
    _getenv_init                              - Undefined Weak Reference
    _handle_redirection                       - Undefined Weak Reference
    _init_alloc                               - Undefined Weak Reference
    _init_user_alloc                          - Undefined Weak Reference
    _initio                                   - Undefined Weak Reference
    _rand_init                                - Undefined Weak Reference
    _signal_finish                            - Undefined Weak Reference
    _signal_init                              - Undefined Weak Reference
    _terminate_alloc                          - Undefined Weak Reference
    _terminate_user_alloc                     - Undefined Weak Reference
    _terminateio                              - Undefined Weak Reference
    __Vectors_Size                           0x000001c8   Number         0  startup_stm32f756xx.o ABSOLUTE
    __RL_RTX_VER                             0x00000482   Number         0  rt_system.o ABSOLUTE
    __Vectors                                0x08000000   Data           4  startup_stm32f756xx.o(RESET)
    __Vectors_End                            0x080001c8   Data           0  startup_stm32f756xx.o(RESET)
    __main                                   0x080001c9   Thumb Code     8  __main.o(!!!main)
    __scatterload                            0x080001d1   Thumb Code     0  __scatter.o(!!!scatter)
    __scatterload_rt2                        0x080001d1   Thumb Code    44  __scatter.o(!!!scatter)
    __scatterload_rt2_thumb_only             0x080001d1   Thumb Code     0  __scatter.o(!!!scatter)
    __scatterload_null                       0x080001df   Thumb Code     0  __scatter.o(!!!scatter)
    __scatterload_copy                       0x08000205   Thumb Code    26  __scatter_copy.o(!!handler_copy)
    __scatterload_zeroinit                   0x08000221   Thumb Code    28  __scatter_zi.o(!!handler_zi)
    __rt_lib_init                            0x0800023d   Thumb Code     0  libinit.o(.ARM.Collect$$libinit$$00000000)
    __rt_lib_init_fp_1                       0x0800023f   Thumb Code     0  libinit2.o(.ARM.Collect$$libinit$$00000001)
    __rt_lib_init_alloca_1                   0x08000243   Thumb Code     0  libinit2.o(.ARM.Collect$$libinit$$0000002E)
    __rt_lib_init_argv_1                     0x08000243   Thumb Code     0  libinit2.o(.ARM.Collect$$libinit$$0000002C)
    __rt_lib_init_atexit_1                   0x08000243   Thumb Code     0  libinit2.o(.ARM.Collect$$libinit$$0000001B)
    __rt_lib_init_clock_1                    0x08000243   Thumb Code     0  libinit2.o(.ARM.Collect$$libinit$$00000021)
    __rt_lib_init_cpp_1                      0x08000243   Thumb Code     0  libinit2.o(.ARM.Collect$$libinit$$00000032)
    __rt_lib_init_exceptions_1               0x08000243   Thumb Code     0  libinit2.o(.ARM.Collect$$libinit$$00000030)
    __rt_lib_init_fp_trap_1                  0x08000243   Thumb Code     0  libinit2.o(.ARM.Collect$$libinit$$0000001F)
    __rt_lib_init_getenv_1                   0x08000243   Thumb Code     0  libinit2.o(.ARM.Collect$$libinit$$00000023)
    __rt_lib_init_heap_1                     0x08000243   Thumb Code     0  libinit2.o(.ARM.Collect$$libinit$$0000000A)
    __rt_lib_init_lc_collate_1               0x08000243   Thumb Code     0  libinit2.o(.ARM.Collect$$libinit$$00000011)
    __rt_lib_init_lc_ctype_1                 0x08000243   Thumb Code     0  libinit2.o(.ARM.Collect$$libinit$$00000013)
    __rt_lib_init_lc_monetary_1              0x08000243   Thumb Code     0  libinit2.o(.ARM.Collect$$libinit$$00000015)
    __rt_lib_init_lc_numeric_1               0x08000243   Thumb Code     0  libinit2.o(.ARM.Collect$$libinit$$00000017)
    __rt_lib_init_lc_time_1                  0x08000243   Thumb Code     0  libinit2.o(.ARM.Collect$$libinit$$00000019)
    __rt_lib_init_preinit_1                  0x08000243   Thumb Code     0  libinit2.o(.ARM.Collect$$libinit$$00000004)
    __rt_lib_init_rand_1                     0x08000243   Thumb Code     0  libinit2.o(.ARM.Collect$$libinit$$0000000E)
    __rt_lib_init_return                     0x08000243   Thumb Code     0  libinit2.o(.ARM.Collect$$libinit$$00000033)
    __rt_lib_init_signal_1                   0x08000243   Thumb Code     0  libinit2.o(.ARM.Collect$$libinit$$0000001D)
    __rt_lib_init_stdio_1                    0x08000243   Thumb Code     0  libinit2.o(.ARM.Collect$$libinit$$00000025)
    __rt_lib_init_user_alloc_1               0x08000243   Thumb Code     0  libinit2.o(.ARM.Collect$$libinit$$0000000C)
    __rt_lib_shutdown                        0x08000245   Thumb Code     0  libshutdown.o(.ARM.Collect$$libshutdown$$00000000)
    __rt_lib_shutdown_cpp_1                  0x08000247   Thumb Code     0  libshutdown2.o(.ARM.Collect$$libshutdown$$00000002)
    __rt_lib_shutdown_fp_trap_1              0x08000247   Thumb Code     0  libshutdown2.o(.ARM.Collect$$libshutdown$$00000007)
    __rt_lib_shutdown_heap_1                 0x08000247   Thumb Code     0  libshutdown2.o(.ARM.Collect$$libshutdown$$0000000F)
    __rt_lib_shutdown_return                 0x08000247   Thumb Code     0  libshutdown2.o(.ARM.Collect$$libshutdown$$00000010)
    __rt_lib_shutdown_signal_1               0x08000247   Thumb Code     0  libshutdown2.o(.ARM.Collect$$libshutdown$$0000000A)
    __rt_lib_shutdown_stdio_1                0x08000247   Thumb Code     0  libshutdown2.o(.ARM.Collect$$libshutdown$$00000004)
    __rt_lib_shutdown_user_alloc_1           0x08000247   Thumb Code     0  libshutdown2.o(.ARM.Collect$$libshutdown$$0000000C)
    __rt_entry                               0x08000249   Thumb Code     0  __rtentry.o(.ARM.Collect$$rtentry$$00000000)
    __rt_entry_presh_1                       0x08000249   Thumb Code     0  __rtentry2.o(.ARM.Collect$$rtentry$$00000002)
    __rt_entry_sh                            0x08000249   Thumb Code     0  __rtentry4.o(.ARM.Collect$$rtentry$$00000004)
    __rt_entry_li                            0x0800024f   Thumb Code     0  __rtentry2.o(.ARM.Collect$$rtentry$$0000000A)
    __rt_entry_postsh_1                      0x0800024f   Thumb Code     0  __rtentry2.o(.ARM.Collect$$rtentry$$00000009)
    __rt_entry_postli_1                      0x08000253   Thumb Code     0  __rtentry2.o(.ARM.Collect$$rtentry$$0000000B)
    __rt_entry_main                          0x0800025b   Thumb Code     0  __rtentry2.o(.ARM.Collect$$rtentry$$0000000D)
    __rt_exit                                0x08000263   Thumb Code     0  rtexit.o(.ARM.Collect$$rtexit$$00000000)
    __rt_exit_ls                             0x08000265   Thumb Code     0  rtexit2.o(.ARM.Collect$$rtexit$$00000003)
    __rt_exit_prels_1                        0x08000265   Thumb Code     0  rtexit2.o(.ARM.Collect$$rtexit$$00000002)
    __rt_exit_exit                           0x08000269   Thumb Code     0  rtexit2.o(.ARM.Collect$$rtexit$$00000004)
    _platform_post_lib_init                  0x08000271   Thumb Code    24  rtx_conf_cm.o(.emb_text)
    rt_set_PSP                               0x0800028d   Thumb Code     6  hal_cm4.o(.emb_text)
    rt_get_PSP                               0x08000293   Thumb Code     6  hal_cm4.o(.emb_text)
    os_set_env                               0x08000299   Thumb Code    24  hal_cm4.o(.emb_text)
    _alloc_box                               0x080002b5   Thumb Code    28  hal_cm4.o(.emb_text)
    _free_box                                0x080002d5   Thumb Code    28  hal_cm4.o(.emb_text)
    SVC_Handler                              0x080002f5   Thumb Code   168  hal_cm4.o(.emb_text)
    PendSV_Handler                           0x080003ad   Thumb Code    96  hal_cm4.o(.emb_text)
    SysTick_Handler                          0x08000411   Thumb Code     8  hal_cm4.o(.emb_text)
    OS_Tick_Handler                          0x08000419   Thumb Code    12  hal_cm4.o(.emb_text)
    Reset_Handler                            0x08000425   Thumb Code     8  startup_stm32f756xx.o(.text)
    NMI_Handler                              0x0800042d   Thumb Code     2  startup_stm32f756xx.o(.text)
    HardFault_Handler                        0x0800042f   Thumb Code     2  startup_stm32f756xx.o(.text)
    MemManage_Handler                        0x08000431   Thumb Code     2  startup_stm32f756xx.o(.text)
    BusFault_Handler                         0x08000433   Thumb Code     2  startup_stm32f756xx.o(.text)
    UsageFault_Handler                       0x08000435   Thumb Code     2  startup_stm32f756xx.o(.text)
    DebugMon_Handler                         0x08000439   Thumb Code     2  startup_stm32f756xx.o(.text)
    ADC_IRQHandler                           0x0800043f   Thumb Code     0  startup_stm32f756xx.o(.text)
    CAN2_RX0_IRQHandler                      0x0800043f   Thumb Code     0  startup_stm32f756xx.o(.text)
    CAN2_RX1_IRQHandler                      0x0800043f   Thumb Code     0  startup_stm32f756xx.o(.text)
    CAN2_SCE_IRQHandler                      0x0800043f   Thumb Code     0  startup_stm32f756xx.o(.text)
    CAN2_TX_IRQHandler                       0x0800043f   Thumb Code     0  startup_stm32f756xx.o(.text)
    CEC_IRQHandler                           0x0800043f   Thumb Code     0  startup_stm32f756xx.o(.text)
    CRYP_IRQHandler                          0x0800043f   Thumb Code     0  startup_stm32f756xx.o(.text)
    DCMI_IRQHandler                          0x0800043f   Thumb Code     0  startup_stm32f756xx.o(.text)
    DMA1_Stream0_IRQHandler                  0x0800043f   Thumb Code     0  startup_stm32f756xx.o(.text)
    DMA1_Stream1_IRQHandler                  0x0800043f   Thumb Code     0  startup_stm32f756xx.o(.text)
    DMA1_Stream2_IRQHandler                  0x0800043f   Thumb Code     0  startup_stm32f756xx.o(.text)
    DMA1_Stream3_IRQHandler                  0x0800043f   Thumb Code     0  startup_stm32f756xx.o(.text)
    DMA1_Stream4_IRQHandler                  0x0800043f   Thumb Code     0  startup_stm32f756xx.o(.text)
    DMA1_Stream5_IRQHandler                  0x0800043f   Thumb Code     0  startup_stm32f756xx.o(.text)
    DMA1_Stream6_IRQHandler                  0x0800043f   Thumb Code     0  startup_stm32f756xx.o(.text)
    DMA1_Stream7_IRQHandler                  0x0800043f   Thumb Code     0  startup_stm32f756xx.o(.text)
    DMA2D_IRQHandler                         0x0800043f   Thumb Code     0  startup_stm32f756xx.o(.text)
    DMA2_Stream0_IRQHandler                  0x0800043f   Thumb Code     0  startup_stm32f756xx.o(.text)
    DMA2_Stream1_IRQHandler                  0x0800043f   Thumb Code     0  startup_stm32f756xx.o(.text)
    DMA2_Stream2_IRQHandler                  0x0800043f   Thumb Code     0  startup_stm32f756xx.o(.text)
    DMA2_Stream3_IRQHandler                  0x0800043f   Thumb Code     0  startup_stm32f756xx.o(.text)
    DMA2_Stream4_IRQHandler                  0x0800043f   Thumb Code     0  startup_stm32f756xx.o(.text)
    DMA2_Stream5_IRQHandler                  0x0800043f   Thumb Code     0  startup_stm32f756xx.o(.text)
    DMA2_Stream6_IRQHandler                  0x0800043f   Thumb Code     0  startup_stm32f756xx.o(.text)
    DMA2_Stream7_IRQHandler                  0x0800043f   Thumb Code     0  startup_stm32f756xx.o(.text)
    ETH_IRQHandler                           0x0800043f   Thumb Code     0  startup_stm32f756xx.o(.text)
    ETH_WKUP_IRQHandler                      0x0800043f   Thumb Code     0  startup_stm32f756xx.o(.text)
    EXTI0_IRQHandler                         0x0800043f   Thumb Code     0  startup_stm32f756xx.o(.text)
    EXTI15_10_IRQHandler                     0x0800043f   Thumb Code     0  startup_stm32f756xx.o(.text)
    EXTI1_IRQHandler                         0x0800043f   Thumb Code     0  startup_stm32f756xx.o(.text)
    EXTI2_IRQHandler                         0x0800043f   Thumb Code     0  startup_stm32f756xx.o(.text)
    EXTI3_IRQHandler                         0x0800043f   Thumb Code     0  startup_stm32f756xx.o(.text)
    EXTI4_IRQHandler                         0x0800043f   Thumb Code     0  startup_stm32f756xx.o(.text)
    EXTI9_5_IRQHandler                       0x0800043f   Thumb Code     0  startup_stm32f756xx.o(.text)
    FLASH_IRQHandler                         0x0800043f   Thumb Code     0  startup_stm32f756xx.o(.text)
    FMC_IRQHandler                           0x0800043f   Thumb Code     0  startup_stm32f756xx.o(.text)
    FPU_IRQHandler                           0x0800043f   Thumb Code     0  startup_stm32f756xx.o(.text)
    HASH_RNG_IRQHandler                      0x0800043f   Thumb Code     0  startup_stm32f756xx.o(.text)
    I2C1_ER_IRQHandler                       0x0800043f   Thumb Code     0  startup_stm32f756xx.o(.text)
    I2C1_EV_IRQHandler                       0x0800043f   Thumb Code     0  startup_stm32f756xx.o(.text)
    I2C2_ER_IRQHandler                       0x0800043f   Thumb Code     0  startup_stm32f756xx.o(.text)
    I2C2_EV_IRQHandler                       0x0800043f   Thumb Code     0  startup_stm32f756xx.o(.text)
    I2C3_ER_IRQHandler                       0x0800043f   Thumb Code     0  startup_stm32f756xx.o(.text)
    I2C3_EV_IRQHandler                       0x0800043f   Thumb Code     0  startup_stm32f756xx.o(.text)
    I2C4_ER_IRQHandler                       0x0800043f   Thumb Code     0  startup_stm32f756xx.o(.text)
    I2C4_EV_IRQHandler                       0x0800043f   Thumb Code     0  startup_stm32f756xx.o(.text)
    LPTIM1_IRQHandler                        0x0800043f   Thumb Code     0  startup_stm32f756xx.o(.text)
    LTDC_ER_IRQHandler                       0x0800043f   Thumb Code     0  startup_stm32f756xx.o(.text)
    LTDC_IRQHandler                          0x0800043f   Thumb Code     0  startup_stm32f756xx.o(.text)
    OTG_FS_IRQHandler                        0x0800043f   Thumb Code     0  startup_stm32f756xx.o(.text)
    OTG_FS_WKUP_IRQHandler                   0x0800043f   Thumb Code     0  startup_stm32f756xx.o(.text)
    OTG_HS_EP1_IN_IRQHandler                 0x0800043f   Thumb Code     0  startup_stm32f756xx.o(.text)
    OTG_HS_EP1_OUT_IRQHandler                0x0800043f   Thumb Code     0  startup_stm32f756xx.o(.text)
    OTG_HS_IRQHandler                        0x0800043f   Thumb Code     0  startup_stm32f756xx.o(.text)
    OTG_HS_WKUP_IRQHandler                   0x0800043f   Thumb Code     0  startup_stm32f756xx.o(.text)
    PVD_IRQHandler                           0x0800043f   Thumb Code     0  startup_stm32f756xx.o(.text)
    QUADSPI_IRQHandler                       0x0800043f   Thumb Code     0  startup_stm32f756xx.o(.text)
    RCC_IRQHandler                           0x0800043f   Thumb Code     0  startup_stm32f756xx.o(.text)
    RTC_Alarm_IRQHandler                     0x0800043f   Thumb Code     0  startup_stm32f756xx.o(.text)
    RTC_WKUP_IRQHandler                      0x0800043f   Thumb Code     0  startup_stm32f756xx.o(.text)
    SAI1_IRQHandler                          0x0800043f   Thumb Code     0  startup_stm32f756xx.o(.text)
    SAI2_IRQHandler                          0x0800043f   Thumb Code     0  startup_stm32f756xx.o(.text)
    SDMMC1_IRQHandler                        0x0800043f   Thumb Code     0  startup_stm32f756xx.o(.text)
    SPDIF_RX_IRQHandler                      0x0800043f   Thumb Code     0  startup_stm32f756xx.o(.text)
    SPI1_IRQHandler                          0x0800043f   Thumb Code     0  startup_stm32f756xx.o(.text)
    SPI2_IRQHandler                          0x0800043f   Thumb Code     0  startup_stm32f756xx.o(.text)
    SPI3_IRQHandler                          0x0800043f   Thumb Code     0  startup_stm32f756xx.o(.text)
    SPI4_IRQHandler                          0x0800043f   Thumb Code     0  startup_stm32f756xx.o(.text)
    SPI5_IRQHandler                          0x0800043f   Thumb Code     0  startup_stm32f756xx.o(.text)
    SPI6_IRQHandler                          0x0800043f   Thumb Code     0  startup_stm32f756xx.o(.text)
    TAMP_STAMP_IRQHandler                    0x0800043f   Thumb Code     0  startup_stm32f756xx.o(.text)
    TIM1_BRK_TIM9_IRQHandler                 0x0800043f   Thumb Code     0  startup_stm32f756xx.o(.text)
    TIM1_CC_IRQHandler                       0x0800043f   Thumb Code     0  startup_stm32f756xx.o(.text)
    TIM1_TRG_COM_TIM11_IRQHandler            0x0800043f   Thumb Code     0  startup_stm32f756xx.o(.text)
    TIM1_UP_TIM10_IRQHandler                 0x0800043f   Thumb Code     0  startup_stm32f756xx.o(.text)
    TIM2_IRQHandler                          0x0800043f   Thumb Code     0  startup_stm32f756xx.o(.text)
    TIM3_IRQHandler                          0x0800043f   Thumb Code     0  startup_stm32f756xx.o(.text)
    TIM4_IRQHandler                          0x0800043f   Thumb Code     0  startup_stm32f756xx.o(.text)
    TIM5_IRQHandler                          0x0800043f   Thumb Code     0  startup_stm32f756xx.o(.text)
    TIM6_DAC_IRQHandler                      0x0800043f   Thumb Code     0  startup_stm32f756xx.o(.text)
    TIM7_IRQHandler                          0x0800043f   Thumb Code     0  startup_stm32f756xx.o(.text)
    TIM8_BRK_TIM12_IRQHandler                0x0800043f   Thumb Code     0  startup_stm32f756xx.o(.text)
    TIM8_CC_IRQHandler                       0x0800043f   Thumb Code     0  startup_stm32f756xx.o(.text)
    TIM8_TRG_COM_TIM14_IRQHandler            0x0800043f   Thumb Code     0  startup_stm32f756xx.o(.text)
    TIM8_UP_TIM13_IRQHandler                 0x0800043f   Thumb Code     0  startup_stm32f756xx.o(.text)
    UART4_IRQHandler                         0x0800043f   Thumb Code     0  startup_stm32f756xx.o(.text)
    UART5_IRQHandler                         0x0800043f   Thumb Code     0  startup_stm32f756xx.o(.text)
    UART7_IRQHandler                         0x0800043f   Thumb Code     0  startup_stm32f756xx.o(.text)
    UART8_IRQHandler                         0x0800043f   Thumb Code     0  startup_stm32f756xx.o(.text)
    USART1_IRQHandler                        0x0800043f   Thumb Code     0  startup_stm32f756xx.o(.text)
    USART2_IRQHandler                        0x0800043f   Thumb Code     0  startup_stm32f756xx.o(.text)
    USART3_IRQHandler                        0x0800043f   Thumb Code     0  startup_stm32f756xx.o(.text)
    USART6_IRQHandler                        0x0800043f   Thumb Code     0  startup_stm32f756xx.o(.text)
    WWDG_IRQHandler                          0x0800043f   Thumb Code     0  startup_stm32f756xx.o(.text)
    __user_initial_stackheap                 0x08000441   Thumb Code     0  startup_stm32f756xx.o(.text)
    __user_libspace                          0x08000465   Thumb Code     8  libspace.o(.text)
    __user_perproc_libspace                  0x08000465   Thumb Code     0  libspace.o(.text)
    exit                                     0x0800046d   Thumb Code    18  exit.o(.text)
    __aeabi_memcpy                           0x0800047f   Thumb Code     0  rt_memcpy_v6.o(.text)
    __rt_memcpy                              0x0800047f   Thumb Code   138  rt_memcpy_v6.o(.text)
    _memcpy_lastbytes                        0x080004e5   Thumb Code     0  rt_memcpy_v6.o(.text)
    __use_two_region_memory                  0x08000509   Thumb Code     2  heapauxi.o(.text)
    __rt_heap_escrow$2region                 0x0800050b   Thumb Code     2  heapauxi.o(.text)
    __rt_heap_expand$2region                 0x0800050d   Thumb Code     2  heapauxi.o(.text)
    __aeabi_memcpy4                          0x0800050f   Thumb Code     0  rt_memcpy_w.o(.text)
    __aeabi_memcpy8                          0x0800050f   Thumb Code     0  rt_memcpy_w.o(.text)
    __rt_memcpy_w                            0x0800050f   Thumb Code   100  rt_memcpy_w.o(.text)
    _memcpy_lastbytes_aligned                0x08000557   Thumb Code     0  rt_memcpy_w.o(.text)
    _sys_exit                                0x08000575   Thumb Code     8  sys_exit.o(.text)
    __user_setup_stackheap                   0x08000581   Thumb Code    74  sys_stackheap_outer.o(.text)
    __I$use$semihosting                      0x080005cb   Thumb Code     0  use_no_semi.o(.text)
    __use_no_semihosting_swi                 0x080005cb   Thumb Code     2  use_no_semi.o(.text)
    SVC_Count                                0x080005cc   Data           4  svc_table.o(SVC_TABLE)
    __semihosting_library_function           0x080005cd   Thumb Code     0  indicate_semi.o(.text)
    SVC_Table                                0x080005d0   Data           0  svc_table.o(SVC_TABLE)
    CAN1_ObjectGetCapabilities               0x0800064b   Thumb Code    16  can_stm32f7xx.o(i.CAN1_ObjectGetCapabilities)
    CAN1_RX0_IRQHandler                      0x08000685   Thumb Code   218  can_stm32f7xx.o(i.CAN1_RX0_IRQHandler)
    CAN1_RX1_IRQHandler                      0x08000771   Thumb Code   218  can_stm32f7xx.o(i.CAN1_RX1_IRQHandler)
    CAN1_SCE_IRQHandler                      0x0800085d   Thumb Code   140  can_stm32f7xx.o(i.CAN1_SCE_IRQHandler)
    CAN1_TX_IRQHandler                       0x08000915   Thumb Code   264  can_stm32f7xx.o(i.CAN1_TX_IRQHandler)
    CAN_GetClock                             0x08000a45   Thumb Code     8  can_stm32f7xx.o(i.CAN_GetClock)
    CANthreadR                               0x08000a5d   Thumb Code    70  test_can1.o(i.CANthreadR)
    CANthreadT                               0x08000aa9   Thumb Code   156  test_can1.o(i.CANthreadT)
    CANx_ObjectGetCapabilities               0x080013e1   Thumb Code    34  can_stm32f7xx.o(i.CANx_ObjectGetCapabilities)
    HAL_GPIO_Init                            0x08001ff1   Thumb Code   484  stm32f7xx_hal_gpio.o(i.HAL_GPIO_Init)
    HAL_GPIO_WritePin                        0x08002209   Thumb Code    12  stm32f7xx_hal_gpio.o(i.HAL_GPIO_WritePin)
    HAL_GetTick                              0x08002215   Thumb Code     6  test_can1.o(i.HAL_GetTick)
    HAL_Init                                 0x08002221   Thumb Code    34  stm32f7xx_hal.o(i.HAL_Init)
    HAL_InitTick                             0x08002249   Thumb Code    36  stm32f7xx_hal.o(i.HAL_InitTick)
    HAL_MPU_ConfigRegion                     0x08002271   Thumb Code    88  stm32f7xx_hal_cortex.o(i.HAL_MPU_ConfigRegion)
    HAL_MPU_Disable                          0x080022cd   Thumb Code    38  stm32f7xx_hal_cortex.o(i.HAL_MPU_Disable)
    HAL_MPU_Enable                           0x080022f9   Thumb Code    58  stm32f7xx_hal_cortex.o(i.HAL_MPU_Enable)
    HAL_MspInit                              0x08002339   Thumb Code     2  stm32f7xx_hal.o(i.HAL_MspInit)
    HAL_NVIC_SetPriority                     0x0800233b   Thumb Code   124  stm32f7xx_hal_cortex.o(i.HAL_NVIC_SetPriority)
    HAL_NVIC_SetPriorityGrouping             0x080023b9   Thumb Code    32  stm32f7xx_hal_cortex.o(i.HAL_NVIC_SetPriorityGrouping)
    HAL_PWREx_EnableOverDrive                0x080023e1   Thumb Code   136  stm32f7xx_hal_pwr_ex.o(i.HAL_PWREx_EnableOverDrive)
    HAL_RCC_ClockConfig                      0x08002471   Thumb Code   420  stm32f7xx_hal_rcc.o(i.HAL_RCC_ClockConfig)
    HAL_RCC_GetHCLKFreq                      0x08002625   Thumb Code     6  stm32f7xx_hal_rcc.o(i.HAL_RCC_GetHCLKFreq)
    HAL_RCC_GetPCLK1Freq                     0x08002631   Thumb Code    36  stm32f7xx_hal_rcc.o(i.HAL_RCC_GetPCLK1Freq)
    HAL_RCC_GetSysClockFreq                  0x0800265d   Thumb Code   168  stm32f7xx_hal_rcc.o(i.HAL_RCC_GetSysClockFreq)
    HAL_RCC_OscConfig                        0x08002711   Thumb Code  1252  stm32f7xx_hal_rcc.o(i.HAL_RCC_OscConfig)
    HAL_SYSTICK_Config                       0x08002bf9   Thumb Code    52  stm32f7xx_hal_cortex.o(i.HAL_SYSTICK_Config)
    InitCan1                                 0x08002c2d   Thumb Code   102  test_can1.o(i.InitCan1)
    LED_Initialize                           0x08002ca5   Thumb Code    62  led_746g_discovery.o(i.LED_Initialize)
    LED_On                                   0x08002ced   Thumb Code    28  led_746g_discovery.o(i.LED_On)
    SystemInit                               0x08002db5   Thumb Code    82  system_stm32f7xx.o(i.SystemInit)
    _init_box                                0x08002ecd   Thumb Code    70  rt_membox.o(i._init_box)
    _mutex_acquire                           0x08002f15   Thumb Code    22  rtx_conf_cm.o(i._mutex_acquire)
    _mutex_release                           0x08002f35   Thumb Code    18  rtx_conf_cm.o(i._mutex_release)
    dbg_init                                 0x08002f51   Thumb Code    34  hal_cm.o(i.dbg_init)
    dbg_task_notify                          0x08002f81   Thumb Code    32  hal_cm.o(i.dbg_task_notify)
    dbg_task_switch                          0x08002fa1   Thumb Code    16  hal_cm.o(i.dbg_task_switch)
    isrMessageGet                            0x08002fb1   Thumb Code    42  rt_cmsis.o(i.isrMessageGet)
    isrMessagePut                            0x08002fdb   Thumb Code    44  rt_cmsis.o(i.isrMessagePut)
    isrSignalSet                             0x08003007   Thumb Code    36  rt_cmsis.o(i.isrSignalSet)
    isr_evt_set                              0x0800302d   Thumb Code    34  rt_event.o(i.isr_evt_set)
    isr_mbx_receive                          0x08003055   Thumb Code    86  rt_mailbox.o(i.isr_mbx_receive)
    isr_mbx_send                             0x080030ab   Thumb Code    14  rt_mailbox.o(i.isr_mbx_send)
    main                                     0x080030b9   Thumb Code    58  test_can1.o(i.main)
    myCAN1_callback                          0x080030fd   Thumb Code    42  test_can1.o(i.myCAN1_callback)
    osDelay                                  0x08003131   Thumb Code    18  rt_cmsis.o(i.osDelay)
    osKernelInitialize                       0x08003149   Thumb Code    30  rt_cmsis.o(i.osKernelInitialize)
    osKernelStart                            0x0800316d   Thumb Code    98  rt_cmsis.o(i.osKernelStart)
    osMessageGet                             0x080031d9   Thumb Code    18  rt_cmsis.o(i.osMessageGet)
    osSignalSet                              0x080031f1   Thumb Code    18  rt_cmsis.o(i.osSignalSet)
    osSignalWait                             0x08003209   Thumb Code    18  rt_cmsis.o(i.osSignalWait)
    osThreadCreate                           0x08003221   Thumb Code    36  rt_cmsis.o(i.osThreadCreate)
    osThreadExit                             0x0800324d   Thumb Code    14  rt_cmsis.o(i.osThreadExit)
    osTimerCall                              0x08003265   Thumb Code     8  rt_cmsis.o(i.osTimerCall)
    osTimerThread                            0x08003271   Thumb Code    38  rt_cmsis.o(i.osTimerThread)
    os_error                                 0x0800329d   Thumb Code    32  rtx_conf_cm.o(i.os_error)
    os_idle_demon                            0x080032bd   Thumb Code     4  rtx_conf_cm.o(i.os_idle_demon)
    os_tick_init                             0x080032c1   Thumb Code    32  rt_system.o(i.os_tick_init)
    os_tick_irqack                           0x080032e9   Thumb Code     2  rt_system.o(i.os_tick_irqack)
    rt_alloc_box                             0x080032eb   Thumb Code    26  rt_membox.o(i.rt_alloc_box)
    rt_alloc_mem                             0x08003305   Thumb Code    62  rt_memory.o(i.rt_alloc_mem)
    rt_block                                 0x08003345   Thumb Code    48  rt_task.o(i.rt_block)
    rt_chk_robin                             0x0800337d   Thumb Code    60  rt_robin.o(i.rt_chk_robin)
    rt_dec_dly                               0x080033c5   Thumb Code   102  rt_list.o(i.rt_dec_dly)
    rt_dispatch                              0x08003435   Thumb Code    60  rt_task.o(i.rt_dispatch)
    rt_dly_wait                              0x08003479   Thumb Code     6  rt_time.o(i.rt_dly_wait)
    rt_evt_psh                               0x08003481   Thumb Code    76  rt_event.o(i.rt_evt_psh)
    rt_evt_set                               0x080034d1   Thumb Code    88  rt_event.o(i.rt_evt_set)
    rt_evt_wait                              0x0800352d   Thumb Code    56  rt_event.o(i.rt_evt_wait)
    rt_free_box                              0x08003569   Thumb Code    44  rt_membox.o(i.rt_free_box)
    rt_free_mem                              0x08003595   Thumb Code    40  rt_memory.o(i.rt_free_mem)
    rt_get_first                             0x080035bd   Thumb Code    40  rt_list.o(i.rt_get_first)
    rt_init_mem                              0x08003635   Thumb Code    26  rt_memory.o(i.rt_init_mem)
    rt_init_robin                            0x08003651   Thumb Code    14  rt_robin.o(i.rt_init_robin)
    rt_init_stack                            0x08003669   Thumb Code   118  hal_cm.o(i.rt_init_stack)
    rt_mbx_check                             0x080036e9   Thumb Code     8  rt_mailbox.o(i.rt_mbx_check)
    rt_mbx_init                              0x080036f1   Thumb Code    26  rt_mailbox.o(i.rt_mbx_init)
    rt_mbx_psh                               0x0800370d   Thumb Code   236  rt_mailbox.o(i.rt_mbx_psh)
    rt_mbx_wait                              0x080037fd   Thumb Code   174  rt_mailbox.o(i.rt_mbx_wait)
    rt_mut_release                           0x080038f5   Thumb Code   208  rt_mutex.o(i.rt_mut_release)
    rt_mut_wait                              0x080039cd   Thumb Code   114  rt_mutex.o(i.rt_mut_wait)
    rt_pop_req                               0x08003a45   Thumb Code   112  rt_system.o(i.rt_pop_req)
    rt_psh_req                               0x08003ac1   Thumb Code    22  rt_system.o(i.rt_psh_req)
    rt_psq_enq                               0x08003ae1   Thumb Code    88  rt_list.o(i.rt_psq_enq)
    rt_put_dly                               0x08003b3d   Thumb Code    68  rt_list.o(i.rt_put_dly)
    rt_put_prio                              0x08003b85   Thumb Code    54  rt_list.o(i.rt_put_prio)
    rt_put_rdy_first                         0x08003bbd   Thumb Code    14  rt_list.o(i.rt_put_rdy_first)
    rt_resort_prio                           0x08003bd1   Thumb Code    46  rt_list.o(i.rt_resort_prio)
    rt_ret_val                               0x08003c15   Thumb Code    12  hal_cm.o(i.rt_ret_val)
    rt_ret_val2                              0x08003c21   Thumb Code    16  hal_cm.o(i.rt_ret_val2)
    rt_rmv_dly                               0x08003c31   Thumb Code    40  rt_list.o(i.rt_rmv_dly)
    rt_rmv_list                              0x08003c59   Thumb Code    44  rt_list.o(i.rt_rmv_list)
    rt_sem_psh                               0x08003c89   Thumb Code    48  rt_semaphore.o(i.rt_sem_psh)
    rt_stk_check                             0x08003cbd   Thumb Code    28  rt_system.o(i.rt_stk_check)
    rt_switch_req                            0x08003ce1   Thumb Code    30  rt_task.o(i.rt_switch_req)
    rt_sys_init                              0x08003d09   Thumb Code   138  rt_task.o(i.rt_sys_init)
    rt_sys_start                             0x08003dd5   Thumb Code   110  rt_task.o(i.rt_sys_start)
    rt_systick                               0x08003e4d   Thumb Code    50  rt_system.o(i.rt_systick)
    rt_tsk_create                            0x08003ed5   Thumb Code   118  rt_task.o(i.rt_tsk_create)
    rt_tsk_delete                            0x08003f5d   Thumb Code   352  rt_task.o(i.rt_tsk_delete)
    rt_tsk_prio                              0x080040d9   Thumb Code   108  rt_task.o(i.rt_tsk_prio)
    rt_tsk_self                              0x08004155   Thumb Code    12  rt_task.o(i.rt_tsk_self)
    svcDelay                                 0x08004165   Thumb Code    18  rt_cmsis.o(i.svcDelay)
    svcKernelInitialize                      0x08004179   Thumb Code    80  rt_cmsis.o(i.svcKernelInitialize)
    svcKernelStart                           0x080041e9   Thumb Code    62  rt_cmsis.o(i.svcKernelStart)
    svcMessageCreate                         0x08004231   Thumb Code    36  rt_cmsis.o(i.svcMessageCreate)
    svcMessageGet                            0x08004255   Thumb Code    58  rt_cmsis.o(i.svcMessageGet)
    svcSignalSet                             0x0800428f   Thumb Code    36  rt_cmsis.o(i.svcSignalSet)
    svcSignalWait                            0x080042b5   Thumb Code    80  rt_cmsis.o(i.svcSignalWait)
    svcThreadCreate                          0x08004309   Thumb Code    96  rt_cmsis.o(i.svcThreadCreate)
    svcThreadGetId                           0x08004375   Thumb Code    22  rt_cmsis.o(i.svcThreadGetId)
    svcThreadTerminate                       0x08004391   Thumb Code    50  rt_cmsis.o(i.svcThreadTerminate)
    svcTimerCall                             0x080043c9   Thumb Code    24  rt_cmsis.o(i.svcTimerCall)
    sysTimerTick                             0x080043e1   Thumb Code    84  rt_cmsis.o(i.sysTimerTick)
    _fp_init                                 0x0800443d   Thumb Code    10  fpinit.o(x$fpl$fpinit)
    __fplib_config_fpu_vfp                   0x08004445   Thumb Code     0  fpinit.o(x$fpl$fpinit)
    __fplib_config_pureend_doubles           0x08004445   Thumb Code     0  fpinit.o(x$fpl$fpinit)
    os_thread_def_CANthreadR                 0x08004448   Data          16  test_can1.o(.constdata)
    os_thread_def_CANthreadT                 0x08004458   Data          16  test_can1.o(.constdata)
    os_maxtaskrun                            0x08004470   Data           2  rtx_conf_cm.o(.constdata)
    os_stackinfo                             0x08004474   Data           4  rtx_conf_cm.o(.constdata)
    os_rrobin                                0x08004478   Data           4  rtx_conf_cm.o(.constdata)
    os_tickfreq                              0x0800447c   Data           4  rtx_conf_cm.o(.constdata)
    os_tickus_i                              0x08004480   Data           2  rtx_conf_cm.o(.constdata)
    os_tickus_f                              0x08004482   Data           2  rtx_conf_cm.o(.constdata)
    os_trv                                   0x08004484   Data           4  rtx_conf_cm.o(.constdata)
    os_flags                                 0x08004488   Data           1  rtx_conf_cm.o(.constdata)
    CMSIS_RTOS_API_Version                   0x0800448c   Data           4  rtx_conf_cm.o(.constdata)
    CMSIS_RTOS_RTX_Version                   0x08004490   Data           4  rtx_conf_cm.o(.constdata)
    os_clockrate                             0x08004494   Data           4  rtx_conf_cm.o(.constdata)
    os_timernum                              0x08004498   Data           4  rtx_conf_cm.o(.constdata)
    mp_tcb_size                              0x0800449c   Data           2  rtx_conf_cm.o(.constdata)
    mp_stk_size                              0x080044a0   Data           4  rtx_conf_cm.o(.constdata)
    os_stack_sz                              0x080044a4   Data           4  rtx_conf_cm.o(.constdata)
    os_fifo_size                             0x080044a8   Data           1  rtx_conf_cm.o(.constdata)
    os_thread_def_osTimerThread              0x080044ac   Data          16  rtx_conf_cm.o(.constdata)
    os_messageQ_def_osTimerMessageQ          0x080044bc   Data           8  rtx_conf_cm.o(.constdata)
    mp_tmr_size                              0x080044c4   Data           2  rtx_conf_cm.o(.constdata)
    os_thread_def_main                       0x080044c8   Data          16  rtx_conf_cm.o(.constdata)
    Driver_CAN1                              0x080044f4   Data          60  can_stm32f7xx.o(.constdata)
    AHBPrescTable                            0x08004530   Data          16  system_stm32f7xx.o(.constdata)
    APBPrescTable                            0x08004540   Data           8  system_stm32f7xx.o(.constdata)
    Region$$Table$$Base                      0x08004548   Number         0  anon$$obj.o(Region$$Table)
    Region$$Table$$Limit                     0x08004568   Number         0  anon$$obj.o(Region$$Table)
    id_CANthreadR                            0x20010000   Data           4  test_can1.o(.data)
    id_CANthreadT                            0x20010004   Data           4  test_can1.o(.data)
    osThreadId_osTimerThread                 0x20010008   Data           4  rtx_conf_cm.o(.data)
    osMessageQId_osTimerMessageQ             0x2001000c   Data           4  rtx_conf_cm.o(.data)
    os_tmr                                   0x20010010   Data           4  rtx_conf_cm.o(.data)
    m_tmr                                    0x20010014   Data           4  rtx_conf_cm.o(.data)
    SystemCoreClock                          0x2001002c   Data           4  system_stm32f7xx.o(.data)
    os_initialized                           0x20010030   Data           1  rt_cmsis.o(.data)
    os_running                               0x20010031   Data           1  rt_cmsis.o(.data)
    os_timer_head                            0x20010034   Data           4  rt_cmsis.o(.data)
    os_tsk                                   0x20010038   Data           8  rt_task.o(.data)
    os_time                                  0x20010040   Data           4  rt_time.o(.data)
    os_tick_irqn                             0x20010048   Data           4  rt_system.o(.data)
    os_robin                                 0x2001004c   Data           8  rt_robin.o(.data)
    dbg_msg                                  0x20010054   Data           1  hal_cm.o(.data)
    mp_tcb                                   0x20010058   Data         376  rtx_conf_cm.o(.bss)
    mp_stk                                   0x200101d0   Data        7216  rtx_conf_cm.o(.bss)
    os_stack_mem                             0x20011e00   Data        1432  rtx_conf_cm.o(.bss)
    os_fifo                                  0x20012398   Data         132  rtx_conf_cm.o(.bss)
    os_active_TCB                            0x2001241c   Data          28  rtx_conf_cm.o(.bss)
    os_messageQ_q_osTimerMessageQ            0x20012438   Data          32  rtx_conf_cm.o(.bss)
    os_idle_TCB                              0x20012778   Data          52  rt_task.o(.bss)
    os_rdy                                   0x200127ac   Data          24  rt_list.o(.bss)
    os_dly                                   0x200127c4   Data          24  rt_list.o(.bss)
    __libspace_start                         0x200127dc   Data          96  libspace.o(.bss)
    __temporary_stack_top$libspace           0x2001283c   Data           0  libspace.o(.bss)



==============================================================================

Memory Map of the image

  Image Entry point : 0x080001c9

  Load Region LR_IROM1 (Base: 0x08000000, Size: 0x000045c0, Max: 0x00100000, ABSOLUTE)

    Execution Region ER_IROM1 (Base: 0x08000000, Size: 0x00004568, Max: 0x00100000, ABSOLUTE)

    Base Addr    Size         Type   Attr      Idx    E Section Name        Object

    0x08000000   0x000001c8   Data   RO         2282    RESET               startup_stm32f756xx.o
    0x080001c8   0x00000008   Code   RO         3553  * !!!main             c_w.l(__main.o)
    0x080001d0   0x00000034   Code   RO         3716    !!!scatter          c_w.l(__scatter.o)
    0x08000204   0x0000001a   Code   RO         3718    !!handler_copy      c_w.l(__scatter_copy.o)
    0x0800021e   0x00000002   PAD
    0x08000220   0x0000001c   Code   RO         3720    !!handler_zi        c_w.l(__scatter_zi.o)
    0x0800023c   0x00000002   Code   RO         3602    .ARM.Collect$$libinit$$00000000  c_w.l(libinit.o)
    0x0800023e   0x00000004   Code   RO         3613    .ARM.Collect$$libinit$$00000001  c_w.l(libinit2.o)
    0x08000242   0x00000000   Code   RO         3616    .ARM.Collect$$libinit$$00000004  c_w.l(libinit2.o)
    0x08000242   0x00000000   Code   RO         3619    .ARM.Collect$$libinit$$0000000A  c_w.l(libinit2.o)
    0x08000242   0x00000000   Code   RO         3621    .ARM.Collect$$libinit$$0000000C  c_w.l(libinit2.o)
    0x08000242   0x00000000   Code   RO         3623    .ARM.Collect$$libinit$$0000000E  c_w.l(libinit2.o)
    0x08000242   0x00000000   Code   RO         3626    .ARM.Collect$$libinit$$00000011  c_w.l(libinit2.o)
    0x08000242   0x00000000   Code   RO         3628    .ARM.Collect$$libinit$$00000013  c_w.l(libinit2.o)
    0x08000242   0x00000000   Code   RO         3630    .ARM.Collect$$libinit$$00000015  c_w.l(libinit2.o)
    0x08000242   0x00000000   Code   RO         3632    .ARM.Collect$$libinit$$00000017  c_w.l(libinit2.o)
    0x08000242   0x00000000   Code   RO         3634    .ARM.Collect$$libinit$$00000019  c_w.l(libinit2.o)
    0x08000242   0x00000000   Code   RO         3636    .ARM.Collect$$libinit$$0000001B  c_w.l(libinit2.o)
    0x08000242   0x00000000   Code   RO         3638    .ARM.Collect$$libinit$$0000001D  c_w.l(libinit2.o)
    0x08000242   0x00000000   Code   RO         3640    .ARM.Collect$$libinit$$0000001F  c_w.l(libinit2.o)
    0x08000242   0x00000000   Code   RO         3642    .ARM.Collect$$libinit$$00000021  c_w.l(libinit2.o)
    0x08000242   0x00000000   Code   RO         3644    .ARM.Collect$$libinit$$00000023  c_w.l(libinit2.o)
    0x08000242   0x00000000   Code   RO         3646    .ARM.Collect$$libinit$$00000025  c_w.l(libinit2.o)
    0x08000242   0x00000000   Code   RO         3650    .ARM.Collect$$libinit$$0000002C  c_w.l(libinit2.o)
    0x08000242   0x00000000   Code   RO         3652    .ARM.Collect$$libinit$$0000002E  c_w.l(libinit2.o)
    0x08000242   0x00000000   Code   RO         3654    .ARM.Collect$$libinit$$00000030  c_w.l(libinit2.o)
    0x08000242   0x00000000   Code   RO         3656    .ARM.Collect$$libinit$$00000032  c_w.l(libinit2.o)
    0x08000242   0x00000002   Code   RO         3657    .ARM.Collect$$libinit$$00000033  c_w.l(libinit2.o)
    0x08000244   0x00000002   Code   RO         3603    .ARM.Collect$$libshutdown$$00000000  c_w.l(libshutdown.o)
    0x08000246   0x00000000   Code   RO         3659    .ARM.Collect$$libshutdown$$00000002  c_w.l(libshutdown2.o)
    0x08000246   0x00000000   Code   RO         3661    .ARM.Collect$$libshutdown$$00000004  c_w.l(libshutdown2.o)
    0x08000246   0x00000000   Code   RO         3664    .ARM.Collect$$libshutdown$$00000007  c_w.l(libshutdown2.o)
    0x08000246   0x00000000   Code   RO         3667    .ARM.Collect$$libshutdown$$0000000A  c_w.l(libshutdown2.o)
    0x08000246   0x00000000   Code   RO         3669    .ARM.Collect$$libshutdown$$0000000C  c_w.l(libshutdown2.o)
    0x08000246   0x00000000   Code   RO         3672    .ARM.Collect$$libshutdown$$0000000F  c_w.l(libshutdown2.o)
    0x08000246   0x00000002   Code   RO         3673    .ARM.Collect$$libshutdown$$00000010  c_w.l(libshutdown2.o)
    0x08000248   0x00000000   Code   RO         3555    .ARM.Collect$$rtentry$$00000000  c_w.l(__rtentry.o)
    0x08000248   0x00000000   Code   RO         3565    .ARM.Collect$$rtentry$$00000002  c_w.l(__rtentry2.o)
    0x08000248   0x00000006   Code   RO         3577    .ARM.Collect$$rtentry$$00000004  c_w.l(__rtentry4.o)
    0x0800024e   0x00000000   Code   RO         3567    .ARM.Collect$$rtentry$$00000009  c_w.l(__rtentry2.o)
    0x0800024e   0x00000004   Code   RO         3568    .ARM.Collect$$rtentry$$0000000A  c_w.l(__rtentry2.o)
    0x08000252   0x00000008   Code   RO         3569    .ARM.Collect$$rtentry$$0000000B  c_w.l(__rtentry2.o)
    0x0800025a   0x00000008   Code   RO         3571    .ARM.Collect$$rtentry$$0000000D  c_w.l(__rtentry2.o)
    0x08000262   0x00000002   Code   RO         3556    .ARM.Collect$$rtexit$$00000000  c_w.l(rtexit.o)
    0x08000264   0x00000000   Code   RO         3580    .ARM.Collect$$rtexit$$00000002  c_w.l(rtexit2.o)
    0x08000264   0x00000004   Code   RO         3581    .ARM.Collect$$rtexit$$00000003  c_w.l(rtexit2.o)
    0x08000268   0x00000006   Code   RO         3582    .ARM.Collect$$rtexit$$00000004  c_w.l(rtexit2.o)
    0x0800026e   0x00000002   PAD
    0x08000270   0x0000001c   Code   RO          256    .emb_text           rtx_conf_cm.o
    0x0800028c   0x00000198   Code   RO         3527    .emb_text           RTX_CM4.lib(hal_cm4.o)
    0x08000424   0x00000040   Code   RO         2283    .text               startup_stm32f756xx.o
    0x08000464   0x00000008   Code   RO         3542    .text               c_w.l(libspace.o)
    0x0800046c   0x00000012   Code   RO         3547    .text               c_w.l(exit.o)
    0x0800047e   0x0000008a   Code   RO         3549    .text               c_w.l(rt_memcpy_v6.o)
    0x08000508   0x00000006   Code   RO         3551    .text               c_w.l(heapauxi.o)
    0x0800050e   0x00000064   Code   RO         3562    .text               c_w.l(rt_memcpy_w.o)
    0x08000572   0x00000002   PAD
    0x08000574   0x0000000c   Code   RO         3588    .text               c_w.l(sys_exit.o)
    0x08000580   0x0000004a   Code   RO         3590    .text               c_w.l(sys_stackheap_outer.o)
    0x080005ca   0x00000002   Code   RO         3604    .text               c_w.l(use_no_semi.o)
    0x080005cc   0x00000000   Code   RO         3606    .text               c_w.l(indicate_semi.o)
    0x080005cc   0x00000004   Code   RO         3537    SVC_TABLE           RTX_CM4.lib(svc_table.o)
    0x080005d0   0x00000012   Code   RO          320    i.CAN1_Control      can_stm32f7xx.o
    0x080005e2   0x0000000c   Code   RO          321    i.CAN1_GetStatus    can_stm32f7xx.o
    0x080005ee   0x00000012   Code   RO          322    i.CAN1_Initialize   can_stm32f7xx.o
    0x08000600   0x0000001c   Code   RO          323    i.CAN1_MessageRead  can_stm32f7xx.o
    0x0800061c   0x0000001c   Code   RO          324    i.CAN1_MessageSend  can_stm32f7xx.o
    0x08000638   0x00000012   Code   RO          325    i.CAN1_ObjectConfigure  can_stm32f7xx.o
    0x0800064a   0x00000010   Code   RO          326    i.CAN1_ObjectGetCapabilities  can_stm32f7xx.o
    0x0800065a   0x0000001c   Code   RO          327    i.CAN1_ObjectSetFilter  can_stm32f7xx.o
    0x08000676   0x0000000e   Code   RO          328    i.CAN1_PowerControl  can_stm32f7xx.o
    0x08000684   0x000000ec   Code   RO          329    i.CAN1_RX0_IRQHandler  can_stm32f7xx.o
    0x08000770   0x000000ec   Code   RO          330    i.CAN1_RX1_IRQHandler  can_stm32f7xx.o
    0x0800085c   0x00000094   Code   RO          331    i.CAN1_SCE_IRQHandler  can_stm32f7xx.o
    0x080008f0   0x00000016   Code   RO          332    i.CAN1_SetBitrate   can_stm32f7xx.o
    0x08000906   0x0000000e   Code   RO          333    i.CAN1_SetMode      can_stm32f7xx.o
    0x08000914   0x00000118   Code   RO          334    i.CAN1_TX_IRQHandler  can_stm32f7xx.o
    0x08000a2c   0x0000000a   Code   RO          335    i.CAN1_Uninitialize  can_stm32f7xx.o
    0x08000a36   0x00000002   PAD
    0x08000a38   0x0000000c   Code   RO          336    i.CAN_GetCapabilities  can_stm32f7xx.o
    0x08000a44   0x00000008   Code   RO          337    i.CAN_GetClock      can_stm32f7xx.o
    0x08000a4c   0x00000010   Code   RO          338    i.CAN_GetVersion    can_stm32f7xx.o
    0x08000a5c   0x0000004c   Code   RO            4    i.CANthreadR        test_can1.o
    0x08000aa8   0x000000a0   Code   RO            5    i.CANthreadT        test_can1.o
    0x08000b48   0x00000338   Code   RO          339    i.CANx_AddFilter    can_stm32f7xx.o
    0x08000e80   0x000000b0   Code   RO          340    i.CANx_Control      can_stm32f7xx.o
    0x08000f30   0x00000128   Code   RO          341    i.CANx_GetStatus    can_stm32f7xx.o
    0x08001058   0x00000090   Code   RO          342    i.CANx_Initialize   can_stm32f7xx.o
    0x080010e8   0x00000120   Code   RO          343    i.CANx_MessageRead  can_stm32f7xx.o
    0x08001208   0x00000144   Code   RO          344    i.CANx_MessageSend  can_stm32f7xx.o
    0x0800134c   0x00000094   Code   RO          345    i.CANx_ObjectConfigure  can_stm32f7xx.o
    0x080013e0   0x0000002c   Code   RO          346    i.CANx_ObjectGetCapabilities  can_stm32f7xx.o
    0x0800140c   0x000000c4   Code   RO          347    i.CANx_ObjectSetFilter  can_stm32f7xx.o
    0x080014d0   0x00000228   Code   RO          348    i.CANx_PowerControl  can_stm32f7xx.o
    0x080016f8   0x0000031c   Code   RO          349    i.CANx_RemoveFilter  can_stm32f7xx.o
    0x08001a14   0x00000138   Code   RO          350    i.CANx_SetBitrate   can_stm32f7xx.o
    0x08001b4c   0x00000174   Code   RO          351    i.CANx_SetMode      can_stm32f7xx.o
    0x08001cc0   0x00000054   Code   RO          352    i.CANx_Uninitialize  can_stm32f7xx.o
    0x08001d14   0x00000130   Code   RO            6    i.CPU_CACHE_Enable  test_can1.o
    0x08001e44   0x000001ac   Code   RO          353    i.Enable_GPIO_Clock  can_stm32f7xx.o
    0x08001ff0   0x00000218   Code   RO         1408    i.HAL_GPIO_Init     stm32f7xx_hal_gpio.o
    0x08002208   0x0000000c   Code   RO         1412    i.HAL_GPIO_WritePin  stm32f7xx_hal_gpio.o
    0x08002214   0x0000000c   Code   RO            7    i.HAL_GetTick       test_can1.o
    0x08002220   0x00000028   Code   RO          571    i.HAL_Init          stm32f7xx_hal.o
    0x08002248   0x00000028   Code   RO          572    i.HAL_InitTick      stm32f7xx_hal.o
    0x08002270   0x0000005c   Code   RO         1118    i.HAL_MPU_ConfigRegion  stm32f7xx_hal_cortex.o
    0x080022cc   0x0000002c   Code   RO         1119    i.HAL_MPU_Disable   stm32f7xx_hal_cortex.o
    0x080022f8   0x00000040   Code   RO         1120    i.HAL_MPU_Enable    stm32f7xx_hal_cortex.o
    0x08002338   0x00000002   Code   RO          574    i.HAL_MspInit       stm32f7xx_hal.o
    0x0800233a   0x0000007c   Code   RO         1129    i.HAL_NVIC_SetPriority  stm32f7xx_hal_cortex.o
    0x080023b6   0x00000002   PAD
    0x080023b8   0x00000028   Code   RO         1130    i.HAL_NVIC_SetPriorityGrouping  stm32f7xx_hal_cortex.o
    0x080023e0   0x00000090   Code   RO         2059    i.HAL_PWREx_EnableOverDrive  stm32f7xx_hal_pwr_ex.o
    0x08002470   0x000001b4   Code   RO         2146    i.HAL_RCC_ClockConfig  stm32f7xx_hal_rcc.o
    0x08002624   0x0000000c   Code   RO         2151    i.HAL_RCC_GetHCLKFreq  stm32f7xx_hal_rcc.o
    0x08002630   0x0000002c   Code   RO         2153    i.HAL_RCC_GetPCLK1Freq  stm32f7xx_hal_rcc.o
    0x0800265c   0x000000b4   Code   RO         2155    i.HAL_RCC_GetSysClockFreq  stm32f7xx_hal_rcc.o
    0x08002710   0x000004e8   Code   RO         2158    i.HAL_RCC_OscConfig  stm32f7xx_hal_rcc.o
    0x08002bf8   0x00000034   Code   RO         1134    i.HAL_SYSTICK_Config  stm32f7xx_hal_cortex.o
    0x08002c2c   0x00000078   Code   RO            8    i.InitCan1          test_can1.o
    0x08002ca4   0x00000048   Code   RO          200    i.LED_Initialize    led_746g_discovery.o
    0x08002cec   0x00000020   Code   RO          202    i.LED_On            led_746g_discovery.o
    0x08002d0c   0x00000050   Code   RO            9    i.MPU_Config        test_can1.o
    0x08002d5c   0x00000058   Code   RO           10    i.SystemClock_Config  test_can1.o
    0x08002db4   0x00000064   Code   RO         2291    i.SystemInit        system_stm32f7xx.o
    0x08002e18   0x0000001c   Code   RO          354    i.__NVIC_ClearPendingIRQ  can_stm32f7xx.o
    0x08002e34   0x0000003c   Code   RO          355    i.__NVIC_DisableIRQ  can_stm32f7xx.o
    0x08002e70   0x00000022   Code   RO          356    i.__NVIC_EnableIRQ  can_stm32f7xx.o
    0x08002e92   0x00000002   PAD
    0x08002e94   0x00000010   Code   RO         1136    i.__NVIC_GetPriorityGrouping  stm32f7xx_hal_cortex.o
    0x08002ea4   0x00000028   Code   RO         1137    i.__NVIC_SetPriority  stm32f7xx_hal_cortex.o
    0x08002ecc   0x00000046   Code   RO         3421    i._init_box         RTX_CM4.lib(rt_membox.o)
    0x08002f12   0x00000002   PAD
    0x08002f14   0x00000020   Code   RO          258    i._mutex_acquire    rtx_conf_cm.o
    0x08002f34   0x0000001c   Code   RO          260    i._mutex_release    rtx_conf_cm.o
    0x08002f50   0x00000030   Code   RO         3474    i.dbg_init          RTX_CM4.lib(hal_cm.o)
    0x08002f80   0x00000020   Code   RO         3475    i.dbg_task_notify   RTX_CM4.lib(hal_cm.o)
    0x08002fa0   0x00000010   Code   RO         3476    i.dbg_task_switch   RTX_CM4.lib(hal_cm.o)
    0x08002fb0   0x0000002a   Code   RO         2327    i.isrMessageGet     RTX_CM4.lib(rt_cmsis.o)
    0x08002fda   0x0000002c   Code   RO         2328    i.isrMessagePut     RTX_CM4.lib(rt_cmsis.o)
    0x08003006   0x00000024   Code   RO         2330    i.isrSignalSet      RTX_CM4.lib(rt_cmsis.o)
    0x0800302a   0x00000002   PAD
    0x0800302c   0x00000028   Code   RO         3191    i.isr_evt_set       RTX_CM4.lib(rt_event.o)
    0x08003054   0x00000056   Code   RO         3309    i.isr_mbx_receive   RTX_CM4.lib(rt_mailbox.o)
    0x080030aa   0x0000000e   Code   RO         3310    i.isr_mbx_send      RTX_CM4.lib(rt_mailbox.o)
    0x080030b8   0x00000044   Code   RO           11    i.main              test_can1.o
    0x080030fc   0x00000034   Code   RO           12    i.myCAN1_callback   test_can1.o
    0x08003130   0x00000018   Code   RO         2331    i.osDelay           RTX_CM4.lib(rt_cmsis.o)
    0x08003148   0x00000024   Code   RO         2332    i.osKernelInitialize  RTX_CM4.lib(rt_cmsis.o)
    0x0800316c   0x0000006c   Code   RO         2334    i.osKernelStart     RTX_CM4.lib(rt_cmsis.o)
    0x080031d8   0x00000018   Code   RO         2343    i.osMessageGet      RTX_CM4.lib(rt_cmsis.o)
    0x080031f0   0x00000018   Code   RO         2358    i.osSignalSet       RTX_CM4.lib(rt_cmsis.o)
    0x08003208   0x00000018   Code   RO         2359    i.osSignalWait      RTX_CM4.lib(rt_cmsis.o)
    0x08003220   0x0000002c   Code   RO         2360    i.osThreadCreate    RTX_CM4.lib(rt_cmsis.o)
    0x0800324c   0x00000018   Code   RO         2361    i.osThreadExit      RTX_CM4.lib(rt_cmsis.o)
    0x08003264   0x0000000c   Code   RO         2367    i.osTimerCall       RTX_CM4.lib(rt_cmsis.o)
    0x08003270   0x0000002c   Code   RO         2372    i.osTimerThread     RTX_CM4.lib(rt_cmsis.o)
    0x0800329c   0x00000020   Code   RO          261    i.os_error          rtx_conf_cm.o
    0x080032bc   0x00000004   Code   RO          262    i.os_idle_demon     rtx_conf_cm.o
    0x080032c0   0x00000028   Code   RO         3101    i.os_tick_init      RTX_CM4.lib(rt_system.o)
    0x080032e8   0x00000002   Code   RO         3102    i.os_tick_irqack    RTX_CM4.lib(rt_system.o)
    0x080032ea   0x0000001a   Code   RO         3422    i.rt_alloc_box      RTX_CM4.lib(rt_membox.o)
    0x08003304   0x0000003e   Code   RO         3450    i.rt_alloc_mem      RTX_CM4.lib(rt_memory.o)
    0x08003342   0x00000002   PAD
    0x08003344   0x00000038   Code   RO         2949    i.rt_block          RTX_CM4.lib(rt_task.o)
    0x0800337c   0x00000048   Code   RO         3399    i.rt_chk_robin      RTX_CM4.lib(rt_robin.o)
    0x080033c4   0x00000070   Code   RO         3233    i.rt_dec_dly        RTX_CM4.lib(rt_list.o)
    0x08003434   0x00000044   Code   RO         2950    i.rt_dispatch       RTX_CM4.lib(rt_task.o)
    0x08003478   0x00000006   Code   RO         3033    i.rt_dly_wait       RTX_CM4.lib(rt_time.o)
    0x0800347e   0x00000002   PAD
    0x08003480   0x00000050   Code   RO         3194    i.rt_evt_psh        RTX_CM4.lib(rt_event.o)
    0x080034d0   0x0000005c   Code   RO         3195    i.rt_evt_set        RTX_CM4.lib(rt_event.o)
    0x0800352c   0x0000003c   Code   RO         3196    i.rt_evt_wait       RTX_CM4.lib(rt_event.o)
    0x08003568   0x0000002c   Code   RO         3423    i.rt_free_box       RTX_CM4.lib(rt_membox.o)
    0x08003594   0x00000028   Code   RO         3451    i.rt_free_mem       RTX_CM4.lib(rt_memory.o)
    0x080035bc   0x00000028   Code   RO         3234    i.rt_get_first      RTX_CM4.lib(rt_list.o)
    0x080035e4   0x00000008   Code   RO         2377    i.rt_id2obj         RTX_CM4.lib(rt_cmsis.o)
    0x080035ec   0x00000048   Code   RO         2951    i.rt_init_context   RTX_CM4.lib(rt_task.o)
    0x08003634   0x0000001a   Code   RO         3452    i.rt_init_mem       RTX_CM4.lib(rt_memory.o)
    0x0800364e   0x00000002   PAD
    0x08003650   0x00000018   Code   RO         3400    i.rt_init_robin     RTX_CM4.lib(rt_robin.o)
    0x08003668   0x00000080   Code   RO         3477    i.rt_init_stack     RTX_CM4.lib(hal_cm.o)
    0x080036e8   0x00000008   Code   RO         3311    i.rt_mbx_check      RTX_CM4.lib(rt_mailbox.o)
    0x080036f0   0x0000001a   Code   RO         3312    i.rt_mbx_init       RTX_CM4.lib(rt_mailbox.o)
    0x0800370a   0x00000002   PAD
    0x0800370c   0x000000f0   Code   RO         3313    i.rt_mbx_psh        RTX_CM4.lib(rt_mailbox.o)
    0x080037fc   0x000000b4   Code   RO         3315    i.rt_mbx_wait       RTX_CM4.lib(rt_mailbox.o)
    0x080038b0   0x00000044   Code   RO         2378    i.rt_ms2tick        RTX_CM4.lib(rt_cmsis.o)
    0x080038f4   0x000000d8   Code   RO         3068    i.rt_mut_release    RTX_CM4.lib(rt_mutex.o)
    0x080039cc   0x00000078   Code   RO         3069    i.rt_mut_wait       RTX_CM4.lib(rt_mutex.o)
    0x08003a44   0x0000007c   Code   RO         3105    i.rt_pop_req        RTX_CM4.lib(rt_system.o)
    0x08003ac0   0x00000020   Code   RO         3106    i.rt_psh_req        RTX_CM4.lib(rt_system.o)
    0x08003ae0   0x0000005c   Code   RO         3236    i.rt_psq_enq        RTX_CM4.lib(rt_list.o)
    0x08003b3c   0x00000048   Code   RO         3237    i.rt_put_dly        RTX_CM4.lib(rt_list.o)
    0x08003b84   0x00000036   Code   RO         3238    i.rt_put_prio       RTX_CM4.lib(rt_list.o)
    0x08003bba   0x00000002   PAD
    0x08003bbc   0x00000014   Code   RO         3239    i.rt_put_rdy_first  RTX_CM4.lib(rt_list.o)
    0x08003bd0   0x00000034   Code   RO         3240    i.rt_resort_prio    RTX_CM4.lib(rt_list.o)
    0x08003c04   0x00000010   Code   RO         3478    i.rt_ret_regs       RTX_CM4.lib(hal_cm.o)
    0x08003c14   0x0000000c   Code   RO         3479    i.rt_ret_val        RTX_CM4.lib(hal_cm.o)
    0x08003c20   0x00000010   Code   RO         3480    i.rt_ret_val2       RTX_CM4.lib(hal_cm.o)
    0x08003c30   0x00000028   Code   RO         3241    i.rt_rmv_dly        RTX_CM4.lib(rt_list.o)
    0x08003c58   0x00000030   Code   RO         3242    i.rt_rmv_list       RTX_CM4.lib(rt_list.o)
    0x08003c88   0x00000034   Code   RO         3360    i.rt_sem_psh        RTX_CM4.lib(rt_semaphore.o)
    0x08003cbc   0x00000024   Code   RO         3108    i.rt_stk_check      RTX_CM4.lib(rt_system.o)
    0x08003ce0   0x00000028   Code   RO         2952    i.rt_switch_req     RTX_CM4.lib(rt_task.o)
    0x08003d08   0x000000cc   Code   RO         2953    i.rt_sys_init       RTX_CM4.lib(rt_task.o)
    0x08003dd4   0x00000078   Code   RO         2954    i.rt_sys_start      RTX_CM4.lib(rt_task.o)
    0x08003e4c   0x00000040   Code   RO         3110    i.rt_systick        RTX_CM4.lib(rt_system.o)
    0x08003e8c   0x00000012   Code   RO         2379    i.rt_tid2ptcb       RTX_CM4.lib(rt_cmsis.o)
    0x08003e9e   0x00000002   PAD
    0x08003ea0   0x00000034   Code   RO         2380    i.rt_timer_insert   RTX_CM4.lib(rt_cmsis.o)
    0x08003ed4   0x00000088   Code   RO         2955    i.rt_tsk_create     RTX_CM4.lib(rt_task.o)
    0x08003f5c   0x0000017c   Code   RO         2956    i.rt_tsk_delete     RTX_CM4.lib(rt_task.o)
    0x080040d8   0x0000007c   Code   RO         2958    i.rt_tsk_prio       RTX_CM4.lib(rt_task.o)
    0x08004154   0x00000010   Code   RO         2959    i.rt_tsk_self       RTX_CM4.lib(rt_task.o)
    0x08004164   0x00000012   Code   RO         2382    i.svcDelay          RTX_CM4.lib(rt_cmsis.o)
    0x08004176   0x00000002   PAD
    0x08004178   0x00000070   Code   RO         2383    i.svcKernelInitialize  RTX_CM4.lib(rt_cmsis.o)
    0x080041e8   0x00000048   Code   RO         2385    i.svcKernelStart    RTX_CM4.lib(rt_cmsis.o)
    0x08004230   0x00000024   Code   RO         2388    i.svcMessageCreate  RTX_CM4.lib(rt_cmsis.o)
    0x08004254   0x0000003a   Code   RO         2389    i.svcMessageGet     RTX_CM4.lib(rt_cmsis.o)
    0x0800428e   0x00000024   Code   RO         2401    i.svcSignalSet      RTX_CM4.lib(rt_cmsis.o)
    0x080042b2   0x00000002   PAD
    0x080042b4   0x00000054   Code   RO         2402    i.svcSignalWait     RTX_CM4.lib(rt_cmsis.o)
    0x08004308   0x0000006c   Code   RO         2403    i.svcThreadCreate   RTX_CM4.lib(rt_cmsis.o)
    0x08004374   0x0000001c   Code   RO         2404    i.svcThreadGetId    RTX_CM4.lib(rt_cmsis.o)
    0x08004390   0x00000038   Code   RO         2407    i.svcThreadTerminate  RTX_CM4.lib(rt_cmsis.o)
    0x080043c8   0x00000018   Code   RO         2409    i.svcTimerCall      RTX_CM4.lib(rt_cmsis.o)
    0x080043e0   0x0000005c   Code   RO         2418    i.sysTimerTick      RTX_CM4.lib(rt_cmsis.o)
    0x0800443c   0x0000000a   Code   RO         3680    x$fpl$fpinit        fz_wm.l(fpinit.o)
    0x08004446   0x00000002   PAD
    0x08004448   0x00000020   Data   RO           13    .constdata          test_can1.o
    0x08004468   0x00000008   Data   RO          205    .constdata          led_746g_discovery.o
    0x08004470   0x00000068   Data   RO          264    .constdata          rtx_conf_cm.o
    0x080044d8   0x00000058   Data   RO          357    .constdata          can_stm32f7xx.o
    0x08004530   0x00000018   Data   RO         2292    .constdata          system_stm32f7xx.o
    0x08004548   0x00000020   Data   RO         3714    Region$$Table       anon$$obj.o


    Execution Region RW_IRAM1 (Base: 0x20010000, Size: 0x00002e40, Max: 0x00040000, ABSOLUTE)

    Base Addr    Size         Type   Attr      Idx    E Section Name        Object

    0x20010000   0x00000008   Data   RW           14    .data               test_can1.o
    0x20010008   0x00000014   Data   RW          265    .data               rtx_conf_cm.o
    0x2001001c   0x00000010   Data   RW          358    .data               can_stm32f7xx.o
    0x2001002c   0x00000004   Data   RW         2293    .data               system_stm32f7xx.o
    0x20010030   0x00000008   Data   RW         2421    .data               RTX_CM4.lib(rt_cmsis.o)
    0x20010038   0x00000008   Data   RW         2961    .data               RTX_CM4.lib(rt_task.o)
    0x20010040   0x00000004   Data   RW         3037    .data               RTX_CM4.lib(rt_time.o)
    0x20010044   0x00000008   Data   RW         3113    .data               RTX_CM4.lib(rt_system.o)
    0x2001004c   0x00000008   Data   RW         3401    .data               RTX_CM4.lib(rt_robin.o)
    0x20010054   0x00000001   Data   RW         3481    .data               RTX_CM4.lib(hal_cm.o)
    0x20010055   0x00000003   PAD
    0x20010058   0x00002720   Zero   RW          263    .bss                rtx_conf_cm.o
    0x20012778   0x00000034   Zero   RW         2960    .bss                RTX_CM4.lib(rt_task.o)
    0x200127ac   0x00000030   Zero   RW         3243    .bss                RTX_CM4.lib(rt_list.o)
    0x200127dc   0x00000060   Zero   RW         3543    .bss                c_w.l(libspace.o)
    0x2001283c   0x00000004   PAD
    0x20012840   0x00000200   Zero   RW         2281    HEAP                startup_stm32f756xx.o
    0x20012a40   0x00000400   Zero   RW         2280    STACK               startup_stm32f756xx.o


==============================================================================

Image component sizes


      Code (inc. data)   RO Data    RW Data    ZI Data      Debug   Object Name

      6268        316         88         16          0      67049   can_stm32f7xx.o
       104         14          8          0          0       2270   led_746g_discovery.o
       124         26        104         20      10016       9539   rtx_conf_cm.o
        64         26        456          0       1536        888   startup_stm32f756xx.o
        82         10          0          0          0       1820   stm32f7xx_hal.o
       472         38          0          0          0      42024   stm32f7xx_hal_cortex.o
       548         52          0          0          0       2576   stm32f7xx_hal_gpio.o
       144          8          0          0          0       1392   stm32f7xx_hal_pwr_ex.o
      1928         54          0          0          0       5181   stm32f7xx_hal_rcc.o
       100         18         24          4          0       1423   system_stm32f7xx.o
       960         68         32          8          0     807707   test_can1.o

    ----------------------------------------------------------------------
     10800        630        744         48      11552     941869   Object Totals
         0          0         32          0          0          0   (incl. Generated)
         6          0          0          0          0          0   (incl. Padding)

    ----------------------------------------------------------------------

      Code (inc. data)   RO Data    RW Data    ZI Data      Debug   Library Member Name

       268         24          0          1          0       4472   hal_cm.o
       408         34          0          0          0        816   hal_cm4.o
      1356        160          0          8          0      39390   rt_cmsis.o
       272         18          0          0          0       2810   rt_event.o
       530         34          0          0         48       8601   rt_list.o
       554         10          0          0          0       4189   rt_mailbox.o
       140          0          0          0          0       2045   rt_membox.o
       128          0          0          0          0       2419   rt_memory.o
       336         14          0          0          0       1727   rt_mutex.o
        96         22          0          8          0       1230   rt_robin.o
        52          4          0          0          0        613   rt_semaphore.o
       298         52          0          8          0       6439   rt_system.o
      1216        174          0          8         52      10045   rt_task.o
         6          0          0          4          0        692   rt_time.o
         4          4          0          0          0        200   svc_table.o
         8          0          0          0          0         68   __main.o
         0          0          0          0          0          0   __rtentry.o
        20          0          0          0          0          0   __rtentry2.o
         6          0          0          0          0          0   __rtentry4.o
        52          8          0          0          0          0   __scatter.o
        26          0          0          0          0          0   __scatter_copy.o
        28          0          0          0          0          0   __scatter_zi.o
        18          0          0          0          0         80   exit.o
         6          0          0          0          0        152   heapauxi.o
         0          0          0          0          0          0   indicate_semi.o
         2          0          0          0          0          0   libinit.o
         6          0          0          0          0          0   libinit2.o
         2          0          0          0          0          0   libshutdown.o
         2          0          0          0          0          0   libshutdown2.o
         8          4          0          0         96         68   libspace.o
       138          0          0          0          0         68   rt_memcpy_v6.o
       100          0          0          0          0         80   rt_memcpy_w.o
         2          0          0          0          0          0   rtexit.o
        10          0          0          0          0          0   rtexit2.o
        12          4          0          0          0         68   sys_exit.o
        74          0          0          0          0         80   sys_stackheap_outer.o
         2          0          0          0          0         68   use_no_semi.o
        10          0          0          0          0        116   fpinit.o

    ----------------------------------------------------------------------
      6224        566          0         40        200      86536   Library Totals
        28          0          0          3          4          0   (incl. Padding)

    ----------------------------------------------------------------------

      Code (inc. data)   RO Data    RW Data    ZI Data      Debug   Library Name

      5664        550          0         37        100      85688   RTX_CM4.lib
       522         16          0          0         96        732   c_w.l
        10          0          0          0          0        116   fz_wm.l

    ----------------------------------------------------------------------
      6224        566          0         40        200      86536   Library Totals

    ----------------------------------------------------------------------

==============================================================================


      Code (inc. data)   RO Data    RW Data    ZI Data      Debug   

     17024       1196        744         88      11752    1013445   Grand Totals
     17024       1196        744         88      11752    1013445   ELF Image Totals
     17024       1196        744         88          0          0   ROM Totals

==============================================================================

    Total RO  Size (Code + RO Data)                17768 (  17.35kB)
    Total RW  Size (RW Data + ZI Data)             11840 (  11.56kB)
    Total ROM Size (Code + RO Data + RW Data)      17856 (  17.44kB)

==============================================================================

